******************************************************************************
                  TI ARM Linker Unix v20.2.5                   
******************************************************************************
>> Linked Fri Feb 18 14:24:58 2022

OUTPUT FILE NAME:   <Lab 1A.out>
ENTRY POINT SYMBOL: "_c_int00_noinit_noargs"  address: 000005f5


MEMORY CONFIGURATION

         name            origin    length      used     unused   attr    fill
----------------------  --------  ---------  --------  --------  ----  --------
  FLASH                 00000000   00040000  0000069e  0003f962  R  X
  SRAM                  20000000   00008000  00000200  00007e00  RW X


SEGMENT ALLOCATION MAP

run origin  load origin   length   init length attrs members
----------  ----------- ---------- ----------- ----- -------
00000000    00000000    0000069e   0000069e    r-x
  00000000    00000000    0000026c   0000026c    r-- .intvecs
  0000026c    0000026c    00000432   00000432    r-x .text
20000000    20000000    00000200   00000000    rw-
  20000000    20000000    00000200   00000000    rw- .stack


SECTION ALLOCATION MAP

 output                                  attributes/
section   page    origin      length       input sections
--------  ----  ----------  ----------   ----------------
.intvecs   0    00000000    0000026c     
                  00000000    0000026c     startup_ccs.obj (.intvecs)

.text      0    0000026c    00000432     
                  0000026c    00000132     driverlib.lib : gpio.obj (.text:GPIOPadConfigSet)
                  0000039e    00000002     startup_ccs.obj (.text:FaultISR)
                  000003a0    000000f4     driverlib.lib : sysctl.obj (.text:SysCtlClockSet)
                  00000494    00000090     blinky.obj (.text:blink)
                  00000524    00000064     blinky.obj (.text:main)
                  00000588    00000038     driverlib.lib : sysctl.obj (.text:SysCtlPeripheralReady)
                  000005c0    00000034                   : sysctl.obj (.text:SysCtlPeripheralEnable)
                  000005f4    0000002c     rtsv7M4_T_le_v4SPD16_eabi.lib : boot_cortex_m.c.obj (.text:_c_int00_noinit_noargs:_c_int00_noinit_noargs)
                  00000620    0000002a     driverlib.lib : gpio.obj (.text:GPIODirModeSet)
                  0000064a    0000001e     blinky.obj (.text:delay)
                  00000668    00000018     driverlib.lib : gpio.obj (.text:GPIOPinTypeGPIOOutput)
                  00000680    00000006                   : gpio.obj (.text:GPIOPinWrite)
                  00000686    00000006     startup_ccs.obj (.text:ResetISR)
                  0000068c    00000006     driverlib.lib : sysctl.obj (.text:SysCtlDelay)
                  00000692    00000004     rtsv7M4_T_le_v4SPD16_eabi.lib : pre_init.c.obj (.text:_system_pre_init)
                  00000696    00000004                                   : exit.c.obj (.text:abort:abort)
                  0000069a    00000002     startup_ccs.obj (.text:IntDefaultHandler)
                  0000069c    00000002     startup_ccs.obj (.text:NmiSR)

.cinit     0    00000000    00000000     UNINITIALIZED

.init_array 
*          0    00000000    00000000     UNINITIALIZED

.stack     0    20000000    00000200     UNINITIALIZED
                  20000000    00000004     rtsv7M4_T_le_v4SPD16_eabi.lib : boot_cortex_m.c.obj (.stack)
                  20000004    000001fc     --HOLE--

__llvm_prf_cnts 
*          0    20000000    00000000     UNINITIALIZED

MODULE SUMMARY

       Module                code   ro data   rw data
       ------                ----   -------   -------
    ./
       startup_ccs.obj       12     620       0      
       blinky.obj            274    0         0      
    +--+---------------------+------+---------+---------+
       Total:                286    620       0      
                                                     
    /Applications/ti/ccs1110/ccs/tools/compiler/ti-cgt-arm_20.2.5.LTS/lib/rtsv7M4_T_le_v4SPD16_eabi.lib
       boot_cortex_m.c.obj   44     0         0      
       exit.c.obj            4      0         0      
       pre_init.c.obj        4      0         0      
    +--+---------------------+------+---------+---------+
       Total:                52     0         0      
                                                     
    /Users/mxazfar/ti/tivaware_c_series_2_1_4_178/driverlib/ccs/Debug/driverlib.lib
       gpio.obj              378    0         0      
       sysctl.obj            358    0         0      
    +--+---------------------+------+---------+---------+
       Total:                736    0         0      
                                                     
       Stack:                0      0         512    
    +--+---------------------+------+---------+---------+
       Grand Total:          1074   620       512    


GLOBAL SYMBOLS: SORTED ALPHABETICALLY BY Name 

address   name                   
-------   ----                   
00000697  C$$EXIT                
00000621  GPIODirModeSet         
0000026d  GPIOPadConfigSet       
00000669  GPIOPinTypeGPIOOutput  
00000681  GPIOPinWrite           
00000687  ResetISR               
000003a1  SysCtlClockSet         
0000068d  SysCtlDelay            
000005c1  SysCtlPeripheralEnable 
00000589  SysCtlPeripheralReady  
20000200  __STACK_END            
00000200  __STACK_SIZE           
20000200  __STACK_TOP            
ffffffff  __TI_pprof_out_hndl    
ffffffff  __TI_prof_data_size    
ffffffff  __TI_prof_data_start   
00000000  __TI_static_base__     
ffffffff  __binit__              
ffffffff  __c_args__             
UNDEFED   __mpu_init             
20000000  __stack                
20000000  __start___llvm_prf_cnts
20000000  __stop___llvm_prf_cnts 
000005f5  _c_int00_noinit_noargs 
00000693  _system_pre_init       
00000697  abort                  
ffffffff  binit                  
00000495  blink                  
0000064b  delay                  
00000000  g_pfnVectors           
00000525  main                   


GLOBAL SYMBOLS: SORTED BY Symbol Address 

address   name                   
-------   ----                   
00000000  __TI_static_base__     
00000000  g_pfnVectors           
00000200  __STACK_SIZE           
0000026d  GPIOPadConfigSet       
000003a1  SysCtlClockSet         
00000495  blink                  
00000525  main                   
00000589  SysCtlPeripheralReady  
000005c1  SysCtlPeripheralEnable 
000005f5  _c_int00_noinit_noargs 
00000621  GPIODirModeSet         
0000064b  delay                  
00000669  GPIOPinTypeGPIOOutput  
00000681  GPIOPinWrite           
00000687  ResetISR               
0000068d  SysCtlDelay            
00000693  _system_pre_init       
00000697  C$$EXIT                
00000697  abort                  
20000000  __stack                
20000000  __start___llvm_prf_cnts
20000000  __stop___llvm_prf_cnts 
20000200  __STACK_END            
20000200  __STACK_TOP            
ffffffff  __TI_pprof_out_hndl    
ffffffff  __TI_prof_data_size    
ffffffff  __TI_prof_data_start   
ffffffff  __binit__              
ffffffff  __c_args__             
ffffffff  binit                  
UNDEFED   __mpu_init             

[31 symbols]
