******************************************************************************
                  TI ARM Linker PC v20.2.5                     
******************************************************************************
>> Linked Fri Mar 11 18:56:39 2022

OUTPUT FILE NAME:   <Lab 1B.out>
ENTRY POINT SYMBOL: "_c_int00_noargs"  address: 00000791


MEMORY CONFIGURATION

         name            origin    length      used     unused   attr    fill
----------------------  --------  ---------  --------  --------  ----  --------
  FLASH                 00000000   00040000  00000868  0003f798  R  X
  SRAM                  20000000   00008000  0000020a  00007df6  RW X


SEGMENT ALLOCATION MAP

run origin  load origin   length   init length attrs members
----------  ----------- ---------- ----------- ----- -------
00000000    00000000    0000086c   0000086c    r-x
  00000000    00000000    0000026c   0000026c    r-- .intvecs
  0000026c    0000026c    000005e8   000005e8    r-x .text
  00000858    00000858    00000014   00000014    r-- .cinit
20000000    20000000    0000020a   00000000    rw-
  20000000    20000000    00000200   00000000    rw- .stack
  20000200    20000200    0000000a   00000000    rw- .bss


SECTION ALLOCATION MAP

 output                                  attributes/
section   page    origin      length       input sections
--------  ----  ----------  ----------   ----------------
.intvecs   0    00000000    0000026c     
                  00000000    0000026c     tm4c123gh6pm_startup_ccs.obj (.intvecs)

.text      0    0000026c    000005e8     
                  0000026c    0000024c     main.obj (.text)
                  000004b8    00000132     driverlib.lib : gpio.obj (.text:GPIOPadConfigSet)
                  000005ea    00000002     --HOLE-- [fill = 0]
                  000005ec    000000f4                   : sysctl.obj (.text:SysCtlClockSet)
                  000006e0    00000044     rtsv7M4_T_le_v4SPD16_eabi.lib : autoinit.c.obj (.text:__TI_auto_init_nobinit_nopinit:__TI_auto_init_nobinit_nopinit)
                  00000724    00000038     driverlib.lib : sysctl.obj (.text:SysCtlPeripheralReady)
                  0000075c    00000034                   : sysctl.obj (.text:SysCtlPeripheralEnable)
                  00000790    00000034     rtsv7M4_T_le_v4SPD16_eabi.lib : boot_cortex_m.c.obj (.text:_c_int00_noargs:_c_int00_noargs)
                  000007c4    0000002a     driverlib.lib : gpio.obj (.text:GPIODirModeSet)
                  000007ee    0000001c     rtsv7M4_T_le_v4SPD16_eabi.lib : copy_zero_init.c.obj (.text:decompress:ZI:__TI_zero_init_nomemset:__TI_zero_init_nomemset)
                  0000080a    00000018     driverlib.lib : gpio.obj (.text:GPIOPinTypeGPIOOutput)
                  00000822    00000012                   : gpio.obj (.text:GPIOPinTypeGPIOInput)
                  00000834    0000000c     tm4c123gh6pm_startup_ccs.obj (.text)
                  00000840    00000006     driverlib.lib : gpio.obj (.text:GPIOPinWrite)
                  00000846    00000006                   : sysctl.obj (.text:SysCtlDelay)
                  0000084c    00000004     rtsv7M4_T_le_v4SPD16_eabi.lib : pre_init.c.obj (.text:_system_pre_init)
                  00000850    00000004                                   : exit.c.obj (.text:abort:abort)

.cinit     0    00000858    00000014     
                  00000858    00000008     (.cinit..bss.load) [load image, compression = zero_init]
                  00000860    00000004     (__TI_handler_table)
                  00000864    00000008     (__TI_cinit_table)

.init_array 
*          0    00000000    00000000     UNINITIALIZED

.bss       0    20000200    0000000a     UNINITIALIZED
                  20000200    00000004     (.common:studentID)
                  20000204    00000004     (.common:studentIDOriginal)
                  20000208    00000001     (.common:blinkNum)
                  20000209    00000001     (.common:color)

.stack     0    20000000    00000200     UNINITIALIZED
                  20000000    00000004     rtsv7M4_T_le_v4SPD16_eabi.lib : boot_cortex_m.c.obj (.stack)
                  20000004    000001fc     --HOLE--

__llvm_prf_cnts 
*          0    20000000    00000000     UNINITIALIZED

MODULE SUMMARY

       Module                         code   ro data   rw data
       ------                         ----   -------   -------
    .\
       tm4c123gh6pm_startup_ccs.obj   12     620       0      
       main.obj                       588    0         10     
    +--+------------------------------+------+---------+---------+
       Total:                         600    620       10     
                                                              
    C:/ti/tivaware_c_series_2_1_4_178/driverlib/ccs/Debug/driverlib.lib
       gpio.obj                       396    0         0      
       sysctl.obj                     358    0         0      
    +--+------------------------------+------+---------+---------+
       Total:                         754    0         0      
                                                              
    C:\ti\ccs1110\ccs\tools\compiler\ti-cgt-arm_20.2.5.LTS\lib\rtsv7M4_T_le_v4SPD16_eabi.lib
       autoinit.c.obj                 68     0         0      
       boot_cortex_m.c.obj            52     0         0      
       copy_zero_init.c.obj           28     0         0      
       exit.c.obj                     4      0         0      
       pre_init.c.obj                 4      0         0      
    +--+------------------------------+------+---------+---------+
       Total:                         156    0         0      
                                                              
       Stack:                         0      0         512    
       Linker Generated:              0      20        0      
    +--+------------------------------+------+---------+---------+
       Grand Total:                   1510   640       522    


LINKER GENERATED COPY TABLES

__TI_cinit_table @ 00000864 records: 1, size/record: 8, table size: 8
	.bss: load addr=00000858, load size=00000008 bytes, run addr=20000200, run size=0000000a bytes, compression=zero_init


LINKER GENERATED HANDLER TABLE

__TI_handler_table @ 00000860 records: 1, size/record: 4, table size: 4
	index: 0, handler: __TI_zero_init


GLOBAL SYMBOLS: SORTED ALPHABETICALLY BY Name 

address   name                          
-------   ----                          
00000851  C$$EXIT                       
000007c5  GPIODirModeSet                
000004b9  GPIOPadConfigSet              
00000823  GPIOPinTypeGPIOInput          
0000080b  GPIOPinTypeGPIOOutput         
00000841  GPIOPinWrite                  
00000835  ResetISR                      
000005ed  SysCtlClockSet                
00000847  SysCtlDelay                   
0000075d  SysCtlPeripheralEnable        
00000725  SysCtlPeripheralReady         
20000200  __STACK_END                   
00000200  __STACK_SIZE                  
20000200  __STACK_TOP                   
00000864  __TI_CINIT_Base               
0000086c  __TI_CINIT_Limit              
00000860  __TI_Handler_Table_Base       
00000864  __TI_Handler_Table_Limit      
000006e1  __TI_auto_init_nobinit_nopinit
ffffffff  __TI_pprof_out_hndl           
ffffffff  __TI_prof_data_size           
ffffffff  __TI_prof_data_start          
00000000  __TI_static_base__            
000007ef  __TI_zero_init_nomemset       
ffffffff  __binit__                     
ffffffff  __c_args__                    
UNDEFED   __mpu_init                    
20000000  __stack                       
20000000  __start___llvm_prf_cnts       
20000000  __stop___llvm_prf_cnts        
00000791  _c_int00_noargs               
UNDEFED   _system_post_cinit            
0000084d  _system_pre_init              
00000851  abort                         
ffffffff  binit                         
000002f1  blink                         
20000208  blinkNum                      
20000209  color                         
000002cb  delay                         
00000000  g_pfnVectors                  
0000026d  interruptHandler              
000003dd  main                          
20000200  studentID                     
20000204  studentIDOriginal             


GLOBAL SYMBOLS: SORTED BY Symbol Address 

address   name                          
-------   ----                          
00000000  __TI_static_base__            
00000000  g_pfnVectors                  
00000200  __STACK_SIZE                  
0000026d  interruptHandler              
000002cb  delay                         
000002f1  blink                         
000003dd  main                          
000004b9  GPIOPadConfigSet              
000005ed  SysCtlClockSet                
000006e1  __TI_auto_init_nobinit_nopinit
00000725  SysCtlPeripheralReady         
0000075d  SysCtlPeripheralEnable        
00000791  _c_int00_noargs               
000007c5  GPIODirModeSet                
000007ef  __TI_zero_init_nomemset       
0000080b  GPIOPinTypeGPIOOutput         
00000823  GPIOPinTypeGPIOInput          
00000835  ResetISR                      
00000841  GPIOPinWrite                  
00000847  SysCtlDelay                   
0000084d  _system_pre_init              
00000851  C$$EXIT                       
00000851  abort                         
00000860  __TI_Handler_Table_Base       
00000864  __TI_CINIT_Base               
00000864  __TI_Handler_Table_Limit      
0000086c  __TI_CINIT_Limit              
20000000  __stack                       
20000000  __start___llvm_prf_cnts       
20000000  __stop___llvm_prf_cnts        
20000200  __STACK_END                   
20000200  __STACK_TOP                   
20000200  studentID                     
20000204  studentIDOriginal             
20000208  blinkNum                      
20000209  color                         
ffffffff  __TI_pprof_out_hndl           
ffffffff  __TI_prof_data_size           
ffffffff  __TI_prof_data_start          
ffffffff  __binit__                     
ffffffff  __c_args__                    
ffffffff  binit                         
UNDEFED   __mpu_init                    
UNDEFED   _system_post_cinit            

[44 symbols]
