<?xml version="1.0" encoding="ISO-8859-1" ?>
<link_info>
   <banner>TI ARM Linker PC v20.2.5.LTS</banner>
   <copyright>Copyright (c) 1996-2018 Texas Instruments Incorporated</copyright>
   <link_time>0x626a1341</link_time>
   <link_errors>0x0</link_errors>
   <output_file>Lab 3.out</output_file>
   <entry_point>
      <name>_c_int00_noargs</name>
      <address>0xd05</address>
   </entry_point>
   <input_file_list>
      <input_file id="fl-2">
         <path>.\</path>
         <kind>object</kind>
         <file>Lab 3.obj</file>
         <name>Lab 3.obj</name>
      </input_file>
      <input_file id="fl-3">
         <path>.\</path>
         <kind>object</kind>
         <file>tm4c123gh6pm_startup_ccs.obj</file>
         <name>tm4c123gh6pm_startup_ccs.obj</name>
      </input_file>
      <input_file id="fl-8">
         <kind>object</kind>
         <file>&lt;internal&gt;</file>
         <name>&lt;internal&gt;</name>
      </input_file>
      <input_file id="fl-be">
         <path>C:\ti\ccs1110\ccs\tools\compiler\ti-cgt-arm_20.2.5.LTS\lib\</path>
         <kind>archive</kind>
         <file>rtsv7M4_T_le_v4SPD16_eabi.lib</file>
         <name>copy_zero_init.c.obj</name>
      </input_file>
      <input_file id="fl-bf">
         <path>C:\ti\ccs1110\ccs\tools\compiler\ti-cgt-arm_20.2.5.LTS\lib\</path>
         <kind>archive</kind>
         <file>rtsv7M4_T_le_v4SPD16_eabi.lib</file>
         <name>copy_decompress_none.c.obj</name>
      </input_file>
      <input_file id="fl-c0">
         <path>C:\ti\ccs1110\ccs\tools\compiler\ti-cgt-arm_20.2.5.LTS\lib\</path>
         <kind>archive</kind>
         <file>rtsv7M4_T_le_v4SPD16_eabi.lib</file>
         <name>copy_decompress_lzss.c.obj</name>
      </input_file>
      <input_file id="fl-c1">
         <path>C:\ti\ccs1110\ccs\tools\compiler\ti-cgt-arm_20.2.5.LTS\lib\</path>
         <kind>archive</kind>
         <file>rtsv7M4_T_le_v4SPD16_eabi.lib</file>
         <name>rand.c.obj</name>
      </input_file>
      <input_file id="fl-c2">
         <path>C:\ti\ccs1110\ccs\tools\compiler\ti-cgt-arm_20.2.5.LTS\lib\</path>
         <kind>archive</kind>
         <file>rtsv7M4_T_le_v4SPD16_eabi.lib</file>
         <name>boot_cortex_m.c.obj</name>
      </input_file>
      <input_file id="fl-c3">
         <path>C:\ti\ccs1110\ccs\tools\compiler\ti-cgt-arm_20.2.5.LTS\lib\</path>
         <kind>archive</kind>
         <file>rtsv7M4_T_le_v4SPD16_eabi.lib</file>
         <name>time.c.obj</name>
      </input_file>
      <input_file id="fl-c4">
         <path>C:\ti\ccs1110\ccs\tools\compiler\ti-cgt-arm_20.2.5.LTS\lib\</path>
         <kind>archive</kind>
         <file>rtsv7M4_T_le_v4SPD16_eabi.lib</file>
         <name>memcpy_t2.asm.obj</name>
      </input_file>
      <input_file id="fl-c5">
         <path>C:\ti\ccs1110\ccs\tools\compiler\ti-cgt-arm_20.2.5.LTS\lib\</path>
         <kind>archive</kind>
         <file>rtsv7M4_T_le_v4SPD16_eabi.lib</file>
         <name>memset_t2.asm.obj</name>
      </input_file>
      <input_file id="fl-c6">
         <path>C:\ti\ccs1110\ccs\tools\compiler\ti-cgt-arm_20.2.5.LTS\lib\</path>
         <kind>archive</kind>
         <file>rtsv7M4_T_le_v4SPD16_eabi.lib</file>
         <name>autoinit.c.obj</name>
      </input_file>
      <input_file id="fl-c7">
         <path>C:\ti\ccs1110\ccs\tools\compiler\ti-cgt-arm_20.2.5.LTS\lib\</path>
         <kind>archive</kind>
         <file>rtsv7M4_T_le_v4SPD16_eabi.lib</file>
         <name>pre_init.c.obj</name>
      </input_file>
      <input_file id="fl-c8">
         <path>C:\ti\ccs1110\ccs\tools\compiler\ti-cgt-arm_20.2.5.LTS\lib\</path>
         <kind>archive</kind>
         <file>rtsv7M4_T_le_v4SPD16_eabi.lib</file>
         <name>cpy_tbl.c.obj</name>
      </input_file>
      <input_file id="fl-c9">
         <path>C:\ti\ccs1110\ccs\tools\compiler\ti-cgt-arm_20.2.5.LTS\lib\</path>
         <kind>archive</kind>
         <file>rtsv7M4_T_le_v4SPD16_eabi.lib</file>
         <name>exit.c.obj</name>
      </input_file>
      <input_file id="fl-ca">
         <path>C:\ti\ccs1110\ccs\tools\compiler\ti-cgt-arm_20.2.5.LTS\lib\</path>
         <kind>archive</kind>
         <file>rtsv7M4_T_le_v4SPD16_eabi.lib</file>
         <name>_lock.c.obj</name>
      </input_file>
      <input_file id="fl-cb">
         <path>C:\ti\ccs1110\ccs\tools\compiler\ti-cgt-arm_20.2.5.LTS\lib\</path>
         <kind>archive</kind>
         <file>rtsv7M4_T_le_v4SPD16_eabi.lib</file>
         <name>args_main.c.obj</name>
      </input_file>
      <input_file id="fl-cc">
         <path>C:\ti\ccs1110\ccs\tools\compiler\ti-cgt-arm_20.2.5.LTS\lib\</path>
         <kind>archive</kind>
         <file>rtsv7M4_T_le_v4SPD16_eabi.lib</file>
         <name>hosttime.c.obj</name>
      </input_file>
      <input_file id="fl-cd">
         <path>C:\ti\ccs1110\ccs\tools\compiler\ti-cgt-arm_20.2.5.LTS\lib\</path>
         <kind>archive</kind>
         <file>rtsv7M4_T_le_v4SPD16_eabi.lib</file>
         <name>trgmsg.c.obj</name>
      </input_file>
      <input_file id="fl-ce">
         <path>C:\ti\ccs1110\ccs\tools\compiler\ti-cgt-arm_20.2.5.LTS\lib\</path>
         <kind>archive</kind>
         <file>rtsv7M4_T_le_v4SPD16_eabi.lib</file>
         <name>hostopen.c.obj</name>
      </input_file>
      <input_file id="fl-cf">
         <path>C:\ti\ccs1110\ccs\tools\compiler\ti-cgt-arm_20.2.5.LTS\lib\</path>
         <kind>archive</kind>
         <file>rtsv7M4_T_le_v4SPD16_eabi.lib</file>
         <name>strlen.c.obj</name>
      </input_file>
      <input_file id="fl-d0">
         <path>C:\ti\tivaware_c_series_2_1_4_178\driverlib\ccs\Debug\</path>
         <kind>archive</kind>
         <file>driverlib.lib</file>
         <name>gpio.obj</name>
      </input_file>
      <input_file id="fl-d1">
         <path>C:\ti\tivaware_c_series_2_1_4_178\driverlib\ccs\Debug\</path>
         <kind>archive</kind>
         <file>driverlib.lib</file>
         <name>interrupt.obj</name>
      </input_file>
      <input_file id="fl-d2">
         <path>C:\ti\tivaware_c_series_2_1_4_178\driverlib\ccs\Debug\</path>
         <kind>archive</kind>
         <file>driverlib.lib</file>
         <name>sysctl.obj</name>
      </input_file>
      <input_file id="fl-d3">
         <path>C:\ti\tivaware_c_series_2_1_4_178\driverlib\ccs\Debug\</path>
         <kind>archive</kind>
         <file>driverlib.lib</file>
         <name>cpu.obj</name>
      </input_file>
   </input_file_list>
   <object_component_list>
      <object_component id="oc-12">
         <name>.intvecs</name>
         <load_address>0x0</load_address>
         <run_address>0x0</run_address>
         <size>0x26c</size>
         <input_file_ref idref="fl-3"/>
      </object_component>
      <object_component id="oc-2d">
         <name>.text</name>
         <load_address>0x26c</load_address>
         <run_address>0x26c</run_address>
         <size>0x608</size>
         <input_file_ref idref="fl-2"/>
      </object_component>
      <object_component id="oc-af">
         <name>.text:GPIOPadConfigSet</name>
         <load_address>0x874</load_address>
         <run_address>0x874</run_address>
         <size>0x132</size>
         <input_file_ref idref="fl-d0"/>
      </object_component>
      <object_component id="oc-1a1">
         <name>.text:_nop</name>
         <load_address>0x9a6</load_address>
         <run_address>0x9a6</run_address>
         <size>0x2</size>
         <input_file_ref idref="fl-ca"/>
      </object_component>
      <object_component id="oc-91">
         <name>.text:SysCtlClockSet</name>
         <load_address>0x9a8</load_address>
         <run_address>0x9a8</run_address>
         <size>0xf4</size>
         <input_file_ref idref="fl-d2"/>
      </object_component>
      <object_component id="oc-41">
         <name>.text</name>
         <load_address>0xa9c</load_address>
         <run_address>0xa9c</run_address>
         <size>0x9c</size>
         <input_file_ref idref="fl-c4"/>
      </object_component>
      <object_component id="oc-15">
         <name>.text:decompress:lzss:__TI_decompress_lzss</name>
         <load_address>0xb38</load_address>
         <run_address>0xb38</run_address>
         <size>0x68</size>
         <input_file_ref idref="fl-c0"/>
      </object_component>
      <object_component id="oc-10c">
         <name>.text:HOSTtime</name>
         <load_address>0xba0</load_address>
         <run_address>0xba0</run_address>
         <size>0x48</size>
         <input_file_ref idref="fl-cc"/>
      </object_component>
      <object_component id="oc-151">
         <name>.text:__TI_auto_init_nobinit_nopinit:__TI_auto_init_nobinit_nopinit</name>
         <load_address>0xbe8</load_address>
         <run_address>0xbe8</run_address>
         <size>0x44</size>
         <input_file_ref idref="fl-c6"/>
      </object_component>
      <object_component id="oc-9d">
         <name>.text:SysCtlPeripheralReady</name>
         <load_address>0xc2c</load_address>
         <run_address>0xc2c</run_address>
         <size>0x38</size>
         <input_file_ref idref="fl-d2"/>
      </object_component>
      <object_component id="oc-185">
         <name>.text:__TI_writemsg</name>
         <load_address>0xc64</load_address>
         <run_address>0xc64</run_address>
         <size>0x38</size>
         <input_file_ref idref="fl-cd"/>
      </object_component>
      <object_component id="oc-97">
         <name>.text:SysCtlPeripheralEnable</name>
         <load_address>0xc9c</load_address>
         <run_address>0xc9c</run_address>
         <size>0x34</size>
         <input_file_ref idref="fl-d2"/>
      </object_component>
      <object_component id="oc-18b">
         <name>.text:__TI_readmsg</name>
         <load_address>0xcd0</load_address>
         <run_address>0xcd0</run_address>
         <size>0x34</size>
         <input_file_ref idref="fl-cd"/>
      </object_component>
      <object_component id="oc-5f">
         <name>.text:_c_int00_noargs:_c_int00_noargs</name>
         <load_address>0xd04</load_address>
         <run_address>0xd04</run_address>
         <size>0x34</size>
         <input_file_ref idref="fl-c2"/>
      </object_component>
      <object_component id="oc-8b">
         <name>.text:rand</name>
         <load_address>0xd38</load_address>
         <run_address>0xd38</run_address>
         <size>0x34</size>
         <input_file_ref idref="fl-c1"/>
      </object_component>
      <object_component id="oc-127">
         <name>.text:GPIODirModeSet</name>
         <load_address>0xd6c</load_address>
         <run_address>0xd6c</run_address>
         <size>0x2a</size>
         <input_file_ref idref="fl-d0"/>
      </object_component>
      <object_component id="oc-85">
         <name>.text:srand</name>
         <load_address>0xd98</load_address>
         <run_address>0xd98</run_address>
         <size>0x24</size>
         <input_file_ref idref="fl-c1"/>
      </object_component>
      <object_component id="oc-4d">
         <name>.text:decompress:ZI:__TI_zero_init_nomemset:__TI_zero_init_nomemset</name>
         <load_address>0xdbc</load_address>
         <run_address>0xdbc</run_address>
         <size>0x1c</size>
         <input_file_ref idref="fl-be"/>
      </object_component>
      <object_component id="oc-a3">
         <name>.text:GPIOPinTypeGPIOOutput</name>
         <load_address>0xdd8</load_address>
         <run_address>0xdd8</run_address>
         <size>0x18</size>
         <input_file_ref idref="fl-d0"/>
      </object_component>
      <object_component id="oc-a9">
         <name>.text:GPIOPinTypeGPIOInput</name>
         <load_address>0xdf0</load_address>
         <run_address>0xdf0</run_address>
         <size>0x12</size>
         <input_file_ref idref="fl-d0"/>
      </object_component>
      <object_component id="oc-7f">
         <name>.text:__time32</name>
         <load_address>0xe02</load_address>
         <run_address>0xe02</run_address>
         <size>0xe</size>
         <input_file_ref idref="fl-c3"/>
      </object_component>
      <object_component id="oc-1b">
         <name>.text:decompress:none:__TI_decompress_none</name>
         <load_address>0xe10</load_address>
         <run_address>0xe10</run_address>
         <size>0xe</size>
         <input_file_ref idref="fl-bf"/>
      </object_component>
      <object_component id="oc-27">
         <name>.text</name>
         <load_address>0xe1e</load_address>
         <run_address>0xe1e</run_address>
         <size>0xc</size>
         <input_file_ref idref="fl-3"/>
      </object_component>
      <object_component id="oc-74">
         <name>.text:GPIOPinWrite</name>
         <load_address>0xe2a</load_address>
         <run_address>0xe2a</run_address>
         <size>0x6</size>
         <input_file_ref idref="fl-d0"/>
      </object_component>
      <object_component id="oc-122">
         <name>.text:SysCtlDelay</name>
         <load_address>0xe30</load_address>
         <run_address>0xe30</run_address>
         <size>0x6</size>
         <input_file_ref idref="fl-d2"/>
      </object_component>
      <object_component id="oc-e7">
         <name>.text:_system_pre_init</name>
         <load_address>0xe36</load_address>
         <run_address>0xe36</run_address>
         <size>0x4</size>
         <input_file_ref idref="fl-c7"/>
      </object_component>
      <object_component id="oc-145">
         <name>.text:abort:abort</name>
         <load_address>0xe3a</load_address>
         <run_address>0xe3a</run_address>
         <size>0x4</size>
         <input_file_ref idref="fl-c9"/>
      </object_component>
      <object_component id="oc-236">
         <name>.cinit..data.load</name>
         <load_address>0xe40</load_address>
         <run_address>0xe40</run_address>
         <size>0xf</size>
      </object_component>
      <object_component id="oc-234">
         <name>__TI_handler_table</name>
         <load_address>0xe50</load_address>
         <run_address>0xe50</run_address>
         <size>0xc</size>
      </object_component>
      <object_component id="oc-237">
         <name>.cinit..bss.load</name>
         <load_address>0xe60</load_address>
         <run_address>0xe60</run_address>
         <size>0x8</size>
      </object_component>
      <object_component id="oc-235">
         <name>__TI_cinit_table</name>
         <load_address>0xe68</load_address>
         <run_address>0xe68</run_address>
         <size>0x10</size>
      </object_component>
      <object_component id="oc-11c">
         <name>.data</name>
         <load_address>0x200003f0</load_address>
         <run_address>0x200003f0</run_address>
         <size>0x4</size>
         <input_file_ref idref="fl-c1"/>
      </object_component>
      <object_component id="oc-119">
         <name>.data:$O1$$</name>
         <load_address>0x200003e8</load_address>
         <run_address>0x200003e8</run_address>
         <size>0x8</size>
         <input_file_ref idref="fl-ca"/>
      </object_component>
      <object_component id="oc-1d4">
         <name>.bss:_CIOBUF_</name>
         <uninitialized>true</uninitialized>
         <run_address>0x20000200</run_address>
         <size>0x120</size>
         <input_file_ref idref="fl-cd"/>
      </object_component>
      <object_component id="oc-b9">
         <name>.common:colorArray</name>
         <uninitialized>true</uninitialized>
         <run_address>0x20000320</run_address>
         <size>0x54</size>
      </object_component>
      <object_component id="oc-7e">
         <name>.common:inputArray</name>
         <uninitialized>true</uninitialized>
         <run_address>0x20000374</run_address>
         <size>0x54</size>
      </object_component>
      <object_component id="oc-b6">
         <name>.common:currentColor</name>
         <uninitialized>true</uninitialized>
         <run_address>0x200003d4</run_address>
         <size>0x4</size>
      </object_component>
      <object_component id="oc-b7">
         <name>.common:numLevel</name>
         <uninitialized>true</uninitialized>
         <run_address>0x200003dc</run_address>
         <size>0x4</size>
      </object_component>
      <object_component id="oc-7d">
         <name>.common:inputNum</name>
         <uninitialized>true</uninitialized>
         <run_address>0x200003d8</run_address>
         <size>0x4</size>
      </object_component>
      <object_component id="oc-b5">
         <name>.common:timeoutCount</name>
         <uninitialized>true</uninitialized>
         <run_address>0x200003e0</run_address>
         <size>0x4</size>
      </object_component>
      <object_component id="oc-7a">
         <name>.common:blinkDelay</name>
         <uninitialized>true</uninitialized>
         <run_address>0x200003d0</run_address>
         <size>0x4</size>
      </object_component>
      <object_component id="oc-b8">
         <name>.common:correctInput</name>
         <uninitialized>true</uninitialized>
         <run_address>0x200003e4</run_address>
         <size>0x1</size>
      </object_component>
      <object_component id="oc-191">
         <name>.common:parmbuf</name>
         <uninitialized>true</uninitialized>
         <run_address>0x200003c8</run_address>
         <size>0x8</size>
      </object_component>
      <object_component id="oc-24">
         <name>.stack</name>
         <uninitialized>true</uninitialized>
         <run_address>0x20000000</run_address>
         <size>0x4</size>
         <input_file_ref idref="fl-c2"/>
      </object_component>
      <object_component id="oc-239">
         <name>.stack</name>
         <uninitialized>true</uninitialized>
         <run_address>0x20000000</run_address>
         <size>0x0</size>
      </object_component>
      <object_component id="oc-7b">
         <name>.debug_info</name>
         <load_address>0x0</load_address>
         <run_address>0x0</run_address>
         <size>0x5c8</size>
         <input_file_ref idref="fl-2"/>
      </object_component>
      <object_component id="oc-2e">
         <name>.debug_info</name>
         <load_address>0x5c8</load_address>
         <run_address>0x5c8</run_address>
         <size>0x45e</size>
         <input_file_ref idref="fl-2"/>
      </object_component>
      <object_component id="oc-c7">
         <name>.debug_info</name>
         <load_address>0xa26</load_address>
         <run_address>0xa26</run_address>
         <size>0x26b</size>
         <input_file_ref idref="fl-2"/>
      </object_component>
      <object_component id="oc-102">
         <name>.debug_info</name>
         <load_address>0xc91</load_address>
         <run_address>0xc91</run_address>
         <size>0x196</size>
         <input_file_ref idref="fl-2"/>
      </object_component>
      <object_component id="oc-bb">
         <name>.debug_info</name>
         <load_address>0xe27</load_address>
         <run_address>0xe27</run_address>
         <size>0x8b</size>
         <input_file_ref idref="fl-2"/>
      </object_component>
      <object_component id="oc-130">
         <name>.debug_info</name>
         <load_address>0xeb2</load_address>
         <run_address>0xeb2</run_address>
         <size>0x2a4</size>
         <input_file_ref idref="fl-2"/>
      </object_component>
      <object_component id="oc-c0">
         <name>.debug_info</name>
         <load_address>0x1156</load_address>
         <run_address>0x1156</run_address>
         <size>0xbb</size>
         <input_file_ref idref="fl-2"/>
      </object_component>
      <object_component id="oc-107">
         <name>.debug_info</name>
         <load_address>0x1211</load_address>
         <run_address>0x1211</run_address>
         <size>0x35</size>
         <input_file_ref idref="fl-2"/>
      </object_component>
      <object_component id="oc-35">
         <name>.debug_info</name>
         <load_address>0x1246</load_address>
         <run_address>0x1246</run_address>
         <size>0x2e7</size>
         <input_file_ref idref="fl-3"/>
      </object_component>
      <object_component id="oc-13">
         <name>.debug_info</name>
         <load_address>0x152d</load_address>
         <run_address>0x152d</run_address>
         <size>0xe4</size>
         <input_file_ref idref="fl-3"/>
      </object_component>
      <object_component id="oc-28">
         <name>.debug_info</name>
         <load_address>0x1611</load_address>
         <run_address>0x1611</run_address>
         <size>0x260</size>
         <input_file_ref idref="fl-3"/>
      </object_component>
      <object_component id="oc-3c">
         <name>.debug_info</name>
         <load_address>0x1871</load_address>
         <run_address>0x1871</run_address>
         <size>0x84</size>
         <input_file_ref idref="fl-3"/>
      </object_component>
      <object_component id="oc-e0">
         <name>.debug_info</name>
         <load_address>0x18f5</load_address>
         <run_address>0x18f5</run_address>
         <size>0x2d4</size>
         <input_file_ref idref="fl-be"/>
      </object_component>
      <object_component id="oc-50">
         <name>.debug_info</name>
         <load_address>0x1bc9</load_address>
         <run_address>0x1bc9</run_address>
         <size>0x1d2</size>
         <input_file_ref idref="fl-be"/>
      </object_component>
      <object_component id="oc-db">
         <name>.debug_info</name>
         <load_address>0x1d9b</load_address>
         <run_address>0x1d9b</run_address>
         <size>0x46</size>
         <input_file_ref idref="fl-be"/>
      </object_component>
      <object_component id="oc-13c">
         <name>.debug_info</name>
         <load_address>0x1de1</load_address>
         <run_address>0x1de1</run_address>
         <size>0x2c</size>
         <input_file_ref idref="fl-be"/>
      </object_component>
      <object_component id="oc-4c">
         <name>.debug_info</name>
         <load_address>0x1e0d</load_address>
         <run_address>0x1e0d</run_address>
         <size>0x2a8</size>
         <input_file_ref idref="fl-bf"/>
      </object_component>
      <object_component id="oc-1d">
         <name>.debug_info</name>
         <load_address>0x20b5</load_address>
         <run_address>0x20b5</run_address>
         <size>0x1ea</size>
         <input_file_ref idref="fl-bf"/>
      </object_component>
      <object_component id="oc-47">
         <name>.debug_info</name>
         <load_address>0x229f</load_address>
         <run_address>0x229f</run_address>
         <size>0x46</size>
         <input_file_ref idref="fl-bf"/>
      </object_component>
      <object_component id="oc-d3">
         <name>.debug_info</name>
         <load_address>0x22e5</load_address>
         <run_address>0x22e5</run_address>
         <size>0x2c</size>
         <input_file_ref idref="fl-bf"/>
      </object_component>
      <object_component id="oc-d1">
         <name>.debug_info</name>
         <load_address>0x2311</load_address>
         <run_address>0x2311</run_address>
         <size>0x29e</size>
         <input_file_ref idref="fl-c0"/>
      </object_component>
      <object_component id="oc-16">
         <name>.debug_info</name>
         <load_address>0x25af</load_address>
         <run_address>0x25af</run_address>
         <size>0x250</size>
         <input_file_ref idref="fl-c0"/>
      </object_component>
      <object_component id="oc-37">
         <name>.debug_info</name>
         <load_address>0x27ff</load_address>
         <run_address>0x27ff</run_address>
         <size>0x60</size>
         <input_file_ref idref="fl-c0"/>
      </object_component>
      <object_component id="oc-135">
         <name>.debug_info</name>
         <load_address>0x285f</load_address>
         <run_address>0x285f</run_address>
         <size>0x46</size>
         <input_file_ref idref="fl-c0"/>
      </object_component>
      <object_component id="oc-cc">
         <name>.debug_info</name>
         <load_address>0x28a5</load_address>
         <run_address>0x28a5</run_address>
         <size>0x39</size>
         <input_file_ref idref="fl-c0"/>
      </object_component>
      <object_component id="oc-120">
         <name>.debug_info</name>
         <load_address>0x28de</load_address>
         <run_address>0x28de</run_address>
         <size>0x2ba</size>
         <input_file_ref idref="fl-c1"/>
      </object_component>
      <object_component id="oc-11d">
         <name>.debug_info</name>
         <load_address>0x2b98</load_address>
         <run_address>0x2b98</run_address>
         <size>0xfb</size>
         <input_file_ref idref="fl-c1"/>
      </object_component>
      <object_component id="oc-86">
         <name>.debug_info</name>
         <load_address>0x2c93</load_address>
         <run_address>0x2c93</run_address>
         <size>0x15d</size>
         <input_file_ref idref="fl-c1"/>
      </object_component>
      <object_component id="oc-8f">
         <name>.debug_info</name>
         <load_address>0x2df0</load_address>
         <run_address>0x2df0</run_address>
         <size>0x13d</size>
         <input_file_ref idref="fl-c1"/>
      </object_component>
      <object_component id="oc-25">
         <name>.debug_info</name>
         <load_address>0x2f2d</load_address>
         <run_address>0x2f2d</run_address>
         <size>0x10b</size>
         <input_file_ref idref="fl-c2"/>
      </object_component>
      <object_component id="oc-60">
         <name>.debug_info</name>
         <load_address>0x3038</load_address>
         <run_address>0x3038</run_address>
         <size>0x1a9</size>
         <input_file_ref idref="fl-c2"/>
      </object_component>
      <object_component id="oc-118">
         <name>.debug_info</name>
         <load_address>0x31e1</load_address>
         <run_address>0x31e1</run_address>
         <size>0x2a4</size>
         <input_file_ref idref="fl-c3"/>
      </object_component>
      <object_component id="oc-82">
         <name>.debug_info</name>
         <load_address>0x3485</load_address>
         <run_address>0x3485</run_address>
         <size>0x181</size>
         <input_file_ref idref="fl-c3"/>
      </object_component>
      <object_component id="oc-19a">
         <name>.debug_info</name>
         <load_address>0x3606</load_address>
         <run_address>0x3606</run_address>
         <size>0x39</size>
         <input_file_ref idref="fl-c3"/>
      </object_component>
      <object_component id="oc-113">
         <name>.debug_info</name>
         <load_address>0x363f</load_address>
         <run_address>0x363f</run_address>
         <size>0x39</size>
         <input_file_ref idref="fl-c3"/>
      </object_component>
      <object_component id="oc-44">
         <name>.debug_info</name>
         <load_address>0x3678</load_address>
         <run_address>0x3678</run_address>
         <size>0x119</size>
         <input_file_ref idref="fl-c4"/>
      </object_component>
      <object_component id="oc-1bf">
         <name>.debug_info</name>
         <load_address>0x3791</load_address>
         <run_address>0x3791</run_address>
         <size>0x4b3</size>
         <input_file_ref idref="fl-c6"/>
      </object_component>
      <object_component id="oc-153">
         <name>.debug_info</name>
         <load_address>0x3c44</load_address>
         <run_address>0x3c44</run_address>
         <size>0x1a6</size>
         <input_file_ref idref="fl-c6"/>
      </object_component>
      <object_component id="oc-1ea">
         <name>.debug_info</name>
         <load_address>0x3dea</load_address>
         <run_address>0x3dea</run_address>
         <size>0x39</size>
         <input_file_ref idref="fl-c6"/>
      </object_component>
      <object_component id="oc-1ff">
         <name>.debug_info</name>
         <load_address>0x3e23</load_address>
         <run_address>0x3e23</run_address>
         <size>0x39</size>
         <input_file_ref idref="fl-c6"/>
      </object_component>
      <object_component id="oc-1ef">
         <name>.debug_info</name>
         <load_address>0x3e5c</load_address>
         <run_address>0x3e5c</run_address>
         <size>0x39</size>
         <input_file_ref idref="fl-c6"/>
      </object_component>
      <object_component id="oc-1f4">
         <name>.debug_info</name>
         <load_address>0x3e95</load_address>
         <run_address>0x3e95</run_address>
         <size>0xcd</size>
         <input_file_ref idref="fl-c6"/>
      </object_component>
      <object_component id="oc-e9">
         <name>.debug_info</name>
         <load_address>0x3f62</load_address>
         <run_address>0x3f62</run_address>
         <size>0x153</size>
         <input_file_ref idref="fl-c7"/>
      </object_component>
      <object_component id="oc-147">
         <name>.debug_info</name>
         <load_address>0x40b5</load_address>
         <run_address>0x40b5</run_address>
         <size>0x122</size>
         <input_file_ref idref="fl-c9"/>
      </object_component>
      <object_component id="oc-1a9">
         <name>.debug_info</name>
         <load_address>0x41d7</load_address>
         <run_address>0x41d7</run_address>
         <size>0x2c9</size>
         <input_file_ref idref="fl-ca"/>
      </object_component>
      <object_component id="oc-11a">
         <name>.debug_info</name>
         <load_address>0x44a0</load_address>
         <run_address>0x44a0</run_address>
         <size>0x11e</size>
         <input_file_ref idref="fl-ca"/>
      </object_component>
      <object_component id="oc-1a3">
         <name>.debug_info</name>
         <load_address>0x45be</load_address>
         <run_address>0x45be</run_address>
         <size>0x12e</size>
         <input_file_ref idref="fl-ca"/>
      </object_component>
      <object_component id="oc-10d">
         <name>.debug_info</name>
         <load_address>0x46ec</load_address>
         <run_address>0x46ec</run_address>
         <size>0x18d</size>
         <input_file_ref idref="fl-cc"/>
      </object_component>
      <object_component id="oc-1dc">
         <name>.debug_info</name>
         <load_address>0x4879</load_address>
         <run_address>0x4879</run_address>
         <size>0x39</size>
         <input_file_ref idref="fl-cc"/>
      </object_component>
      <object_component id="oc-195">
         <name>.debug_info</name>
         <load_address>0x48b2</load_address>
         <run_address>0x48b2</run_address>
         <size>0x39</size>
         <input_file_ref idref="fl-cc"/>
      </object_component>
      <object_component id="oc-1d8">
         <name>.debug_info</name>
         <load_address>0x48eb</load_address>
         <run_address>0x48eb</run_address>
         <size>0x2bb</size>
         <input_file_ref idref="fl-cd"/>
      </object_component>
      <object_component id="oc-1d5">
         <name>.debug_info</name>
         <load_address>0x4ba6</load_address>
         <run_address>0x4ba6</run_address>
         <size>0x108</size>
         <input_file_ref idref="fl-cd"/>
      </object_component>
      <object_component id="oc-186">
         <name>.debug_info</name>
         <load_address>0x4cae</load_address>
         <run_address>0x4cae</run_address>
         <size>0x1df</size>
         <input_file_ref idref="fl-cd"/>
      </object_component>
      <object_component id="oc-18d">
         <name>.debug_info</name>
         <load_address>0x4e8d</load_address>
         <run_address>0x4e8d</run_address>
         <size>0x19a</size>
         <input_file_ref idref="fl-cd"/>
      </object_component>
      <object_component id="oc-192">
         <name>.debug_info</name>
         <load_address>0x5027</load_address>
         <run_address>0x5027</run_address>
         <size>0x3a3</size>
         <input_file_ref idref="fl-ce"/>
      </object_component>
      <object_component id="oc-ff">
         <name>.debug_info</name>
         <load_address>0x53ca</load_address>
         <run_address>0x53ca</run_address>
         <size>0x240</size>
         <input_file_ref idref="fl-d0"/>
      </object_component>
      <object_component id="oc-76">
         <name>.debug_info</name>
         <load_address>0x560a</load_address>
         <run_address>0x560a</run_address>
         <size>0x2a3</size>
         <input_file_ref idref="fl-d0"/>
      </object_component>
      <object_component id="oc-129">
         <name>.debug_info</name>
         <load_address>0x58ad</load_address>
         <run_address>0x58ad</run_address>
         <size>0x2b3</size>
         <input_file_ref idref="fl-d0"/>
      </object_component>
      <object_component id="oc-b1">
         <name>.debug_info</name>
         <load_address>0x5b60</load_address>
         <run_address>0x5b60</run_address>
         <size>0x316</size>
         <input_file_ref idref="fl-d0"/>
      </object_component>
      <object_component id="oc-a4">
         <name>.debug_info</name>
         <load_address>0x5e76</load_address>
         <run_address>0x5e76</run_address>
         <size>0x2b7</size>
         <input_file_ref idref="fl-d0"/>
      </object_component>
      <object_component id="oc-aa">
         <name>.debug_info</name>
         <load_address>0x612d</load_address>
         <run_address>0x612d</run_address>
         <size>0x285</size>
         <input_file_ref idref="fl-d0"/>
      </object_component>
      <object_component id="oc-fa">
         <name>.debug_info</name>
         <load_address>0x63b2</load_address>
         <run_address>0x63b2</run_address>
         <size>0x18b</size>
         <input_file_ref idref="fl-d0"/>
      </object_component>
      <object_component id="oc-124">
         <name>.debug_info</name>
         <load_address>0x653d</load_address>
         <run_address>0x653d</run_address>
         <size>0x298</size>
         <input_file_ref idref="fl-d2"/>
      </object_component>
      <object_component id="oc-9e">
         <name>.debug_info</name>
         <load_address>0x67d5</load_address>
         <run_address>0x67d5</run_address>
         <size>0x27f</size>
         <input_file_ref idref="fl-d2"/>
      </object_component>
      <object_component id="oc-98">
         <name>.debug_info</name>
         <load_address>0x6a54</load_address>
         <run_address>0x6a54</run_address>
         <size>0x27d</size>
         <input_file_ref idref="fl-d2"/>
      </object_component>
      <object_component id="oc-92">
         <name>.debug_info</name>
         <load_address>0x6cd1</load_address>
         <run_address>0x6cd1</run_address>
         <size>0x2db</size>
         <input_file_ref idref="fl-d2"/>
      </object_component>
      <object_component id="oc-1b1">
         <name>.debug_info</name>
         <load_address>0x6fac</load_address>
         <run_address>0x6fac</run_address>
         <size>0x5f</size>
         <input_file_ref idref="fl-d2"/>
      </object_component>
      <object_component id="oc-23a">
         <name>.debug_info</name>
         <load_address>0x700b</load_address>
         <run_address>0x700b</run_address>
         <size>0x97</size>
      </object_component>
      <object_component id="oc-101">
         <name>.debug_line</name>
         <load_address>0x0</load_address>
         <run_address>0x0</run_address>
         <size>0x130</size>
         <input_file_ref idref="fl-2"/>
      </object_component>
      <object_component id="oc-31">
         <name>.debug_line</name>
         <load_address>0x130</load_address>
         <run_address>0x130</run_address>
         <size>0x332</size>
         <input_file_ref idref="fl-2"/>
      </object_component>
      <object_component id="oc-ca">
         <name>.debug_line</name>
         <load_address>0x462</load_address>
         <run_address>0x462</run_address>
         <size>0x6f</size>
         <input_file_ref idref="fl-2"/>
      </object_component>
      <object_component id="oc-105">
         <name>.debug_line</name>
         <load_address>0x4d1</load_address>
         <run_address>0x4d1</run_address>
         <size>0x69</size>
         <input_file_ref idref="fl-2"/>
      </object_component>
      <object_component id="oc-be">
         <name>.debug_line</name>
         <load_address>0x53a</load_address>
         <run_address>0x53a</run_address>
         <size>0x20</size>
         <input_file_ref idref="fl-2"/>
      </object_component>
      <object_component id="oc-133">
         <name>.debug_line</name>
         <load_address>0x55a</load_address>
         <run_address>0x55a</run_address>
         <size>0x73</size>
         <input_file_ref idref="fl-2"/>
      </object_component>
      <object_component id="oc-c3">
         <name>.debug_line</name>
         <load_address>0x5cd</load_address>
         <run_address>0x5cd</run_address>
         <size>0x70</size>
         <input_file_ref idref="fl-2"/>
      </object_component>
      <object_component id="oc-10a">
         <name>.debug_line</name>
         <load_address>0x63d</load_address>
         <run_address>0x63d</run_address>
         <size>0x72</size>
         <input_file_ref idref="fl-2"/>
      </object_component>
      <object_component id="oc-c6">
         <name>.debug_line</name>
         <load_address>0x6af</load_address>
         <run_address>0x6af</run_address>
         <size>0x41</size>
         <input_file_ref idref="fl-3"/>
      </object_component>
      <object_component id="oc-34">
         <name>.debug_line</name>
         <load_address>0x6f0</load_address>
         <run_address>0x6f0</run_address>
         <size>0x41</size>
         <input_file_ref idref="fl-3"/>
      </object_component>
      <object_component id="oc-2c">
         <name>.debug_line</name>
         <load_address>0x731</load_address>
         <run_address>0x731</run_address>
         <size>0xa1</size>
         <input_file_ref idref="fl-3"/>
      </object_component>
      <object_component id="oc-3f">
         <name>.debug_line</name>
         <load_address>0x7d2</load_address>
         <run_address>0x7d2</run_address>
         <size>0x20</size>
         <input_file_ref idref="fl-3"/>
      </object_component>
      <object_component id="oc-142">
         <name>.debug_line</name>
         <load_address>0x7f2</load_address>
         <run_address>0x7f2</run_address>
         <size>0x92</size>
         <input_file_ref idref="fl-be"/>
      </object_component>
      <object_component id="oc-4e">
         <name>.debug_line</name>
         <load_address>0x884</load_address>
         <run_address>0x884</run_address>
         <size>0x56</size>
         <input_file_ref idref="fl-be"/>
      </object_component>
      <object_component id="oc-de">
         <name>.debug_line</name>
         <load_address>0x8da</load_address>
         <run_address>0x8da</run_address>
         <size>0x34</size>
         <input_file_ref idref="fl-be"/>
      </object_component>
      <object_component id="oc-13f">
         <name>.debug_line</name>
         <load_address>0x90e</load_address>
         <run_address>0x90e</run_address>
         <size>0x92</size>
         <input_file_ref idref="fl-be"/>
      </object_component>
      <object_component id="oc-d9">
         <name>.debug_line</name>
         <load_address>0x9a0</load_address>
         <run_address>0x9a0</run_address>
         <size>0x20</size>
         <input_file_ref idref="fl-bf"/>
      </object_component>
      <object_component id="oc-20">
         <name>.debug_line</name>
         <load_address>0x9c0</load_address>
         <run_address>0x9c0</run_address>
         <size>0x55</size>
         <input_file_ref idref="fl-bf"/>
      </object_component>
      <object_component id="oc-4a">
         <name>.debug_line</name>
         <load_address>0xa15</load_address>
         <run_address>0xa15</run_address>
         <size>0x3a</size>
         <input_file_ref idref="fl-bf"/>
      </object_component>
      <object_component id="oc-d6">
         <name>.debug_line</name>
         <load_address>0xa4f</load_address>
         <run_address>0xa4f</run_address>
         <size>0x92</size>
         <input_file_ref idref="fl-bf"/>
      </object_component>
      <object_component id="oc-13b">
         <name>.debug_line</name>
         <load_address>0xae1</load_address>
         <run_address>0xae1</run_address>
         <size>0x20</size>
         <input_file_ref idref="fl-c0"/>
      </object_component>
      <object_component id="oc-1a">
         <name>.debug_line</name>
         <load_address>0xb01</load_address>
         <run_address>0xb01</run_address>
         <size>0xa9</size>
         <input_file_ref idref="fl-c0"/>
      </object_component>
      <object_component id="oc-3a">
         <name>.debug_line</name>
         <load_address>0xbaa</load_address>
         <run_address>0xbaa</run_address>
         <size>0x3a</size>
         <input_file_ref idref="fl-c0"/>
      </object_component>
      <object_component id="oc-138">
         <name>.debug_line</name>
         <load_address>0xbe4</load_address>
         <run_address>0xbe4</run_address>
         <size>0x9a</size>
         <input_file_ref idref="fl-c0"/>
      </object_component>
      <object_component id="oc-cf">
         <name>.debug_line</name>
         <load_address>0xc7e</load_address>
         <run_address>0xc7e</run_address>
         <size>0x96</size>
         <input_file_ref idref="fl-c0"/>
      </object_component>
      <object_component id="oc-1ae">
         <name>.debug_line</name>
         <load_address>0xd14</load_address>
         <run_address>0xd14</run_address>
         <size>0x91</size>
         <input_file_ref idref="fl-c1"/>
      </object_component>
      <object_component id="oc-1ac">
         <name>.debug_line</name>
         <load_address>0xda5</load_address>
         <run_address>0xda5</run_address>
         <size>0x2a</size>
         <input_file_ref idref="fl-c1"/>
      </object_component>
      <object_component id="oc-89">
         <name>.debug_line</name>
         <load_address>0xdcf</load_address>
         <run_address>0xdcf</run_address>
         <size>0x44</size>
         <input_file_ref idref="fl-c1"/>
      </object_component>
      <object_component id="oc-8d">
         <name>.debug_line</name>
         <load_address>0xe13</load_address>
         <run_address>0xe13</run_address>
         <size>0x45</size>
         <input_file_ref idref="fl-c1"/>
      </object_component>
      <object_component id="oc-72">
         <name>.debug_line</name>
         <load_address>0xe58</load_address>
         <run_address>0xe58</run_address>
         <size>0x33</size>
         <input_file_ref idref="fl-c2"/>
      </object_component>
      <object_component id="oc-63">
         <name>.debug_line</name>
         <load_address>0xe8b</load_address>
         <run_address>0xe8b</run_address>
         <size>0x45</size>
         <input_file_ref idref="fl-c2"/>
      </object_component>
      <object_component id="oc-1a0">
         <name>.debug_line</name>
         <load_address>0xed0</load_address>
         <run_address>0xed0</run_address>
         <size>0x2a</size>
         <input_file_ref idref="fl-c3"/>
      </object_component>
      <object_component id="oc-80">
         <name>.debug_line</name>
         <load_address>0xefa</load_address>
         <run_address>0xefa</run_address>
         <size>0x3f</size>
         <input_file_ref idref="fl-c3"/>
      </object_component>
      <object_component id="oc-19d">
         <name>.debug_line</name>
         <load_address>0xf39</load_address>
         <run_address>0xf39</run_address>
         <size>0x9a</size>
         <input_file_ref idref="fl-c3"/>
      </object_component>
      <object_component id="oc-116">
         <name>.debug_line</name>
         <load_address>0xfd3</load_address>
         <run_address>0xfd3</run_address>
         <size>0x90</size>
         <input_file_ref idref="fl-c3"/>
      </object_component>
      <object_component id="oc-43">
         <name>.debug_line</name>
         <load_address>0x1063</load_address>
         <run_address>0x1063</run_address>
         <size>0x88</size>
         <input_file_ref idref="fl-c4"/>
      </object_component>
      <object_component id="oc-1e9">
         <name>.debug_line</name>
         <load_address>0x10eb</load_address>
         <run_address>0x10eb</run_address>
         <size>0xbf</size>
         <input_file_ref idref="fl-c6"/>
      </object_component>
      <object_component id="oc-152">
         <name>.debug_line</name>
         <load_address>0x11aa</load_address>
         <run_address>0x11aa</run_address>
         <size>0x6f</size>
         <input_file_ref idref="fl-c6"/>
      </object_component>
      <object_component id="oc-1ed">
         <name>.debug_line</name>
         <load_address>0x1219</load_address>
         <run_address>0x1219</run_address>
         <size>0x2e</size>
         <input_file_ref idref="fl-c6"/>
      </object_component>
      <object_component id="oc-202">
         <name>.debug_line</name>
         <load_address>0x1247</load_address>
         <run_address>0x1247</run_address>
         <size>0x9a</size>
         <input_file_ref idref="fl-c6"/>
      </object_component>
      <object_component id="oc-1f2">
         <name>.debug_line</name>
         <load_address>0x12e1</load_address>
         <run_address>0x12e1</run_address>
         <size>0x97</size>
         <input_file_ref idref="fl-c6"/>
      </object_component>
      <object_component id="oc-1f7">
         <name>.debug_line</name>
         <load_address>0x1378</load_address>
         <run_address>0x1378</run_address>
         <size>0x93</size>
         <input_file_ref idref="fl-c6"/>
      </object_component>
      <object_component id="oc-e8">
         <name>.debug_line</name>
         <load_address>0x140b</load_address>
         <run_address>0x140b</run_address>
         <size>0x40</size>
         <input_file_ref idref="fl-c7"/>
      </object_component>
      <object_component id="oc-149">
         <name>.debug_line</name>
         <load_address>0x144b</load_address>
         <run_address>0x144b</run_address>
         <size>0x3c</size>
         <input_file_ref idref="fl-c9"/>
      </object_component>
      <object_component id="oc-1e3">
         <name>.debug_line</name>
         <load_address>0x1487</load_address>
         <run_address>0x1487</run_address>
         <size>0x20</size>
         <input_file_ref idref="fl-ca"/>
      </object_component>
      <object_component id="oc-1a8">
         <name>.debug_line</name>
         <load_address>0x14a7</load_address>
         <run_address>0x14a7</run_address>
         <size>0x2b</size>
         <input_file_ref idref="fl-ca"/>
      </object_component>
      <object_component id="oc-1a6">
         <name>.debug_line</name>
         <load_address>0x14d2</load_address>
         <run_address>0x14d2</run_address>
         <size>0x3a</size>
         <input_file_ref idref="fl-ca"/>
      </object_component>
      <object_component id="oc-111">
         <name>.debug_line</name>
         <load_address>0x150c</load_address>
         <run_address>0x150c</run_address>
         <size>0x4b</size>
         <input_file_ref idref="fl-cc"/>
      </object_component>
      <object_component id="oc-1df">
         <name>.debug_line</name>
         <load_address>0x1557</load_address>
         <run_address>0x1557</run_address>
         <size>0x9a</size>
         <input_file_ref idref="fl-cc"/>
      </object_component>
      <object_component id="oc-198">
         <name>.debug_line</name>
         <load_address>0x15f1</load_address>
         <run_address>0x15f1</run_address>
         <size>0x90</size>
         <input_file_ref idref="fl-cc"/>
      </object_component>
      <object_component id="oc-1fe">
         <name>.debug_line</name>
         <load_address>0x1681</load_address>
         <run_address>0x1681</run_address>
         <size>0x20</size>
         <input_file_ref idref="fl-cd"/>
      </object_component>
      <object_component id="oc-1fc">
         <name>.debug_line</name>
         <load_address>0x16a1</load_address>
         <run_address>0x16a1</run_address>
         <size>0x2c</size>
         <input_file_ref idref="fl-cd"/>
      </object_component>
      <object_component id="oc-18a">
         <name>.debug_line</name>
         <load_address>0x16cd</load_address>
         <run_address>0x16cd</run_address>
         <size>0x61</size>
         <input_file_ref idref="fl-cd"/>
      </object_component>
      <object_component id="oc-190">
         <name>.debug_line</name>
         <load_address>0x172e</load_address>
         <run_address>0x172e</run_address>
         <size>0x65</size>
         <input_file_ref idref="fl-cd"/>
      </object_component>
      <object_component id="oc-1db">
         <name>.debug_line</name>
         <load_address>0x1793</load_address>
         <run_address>0x1793</run_address>
         <size>0x11d</size>
         <input_file_ref idref="fl-ce"/>
      </object_component>
      <object_component id="oc-184">
         <name>.debug_line</name>
         <load_address>0x18b0</load_address>
         <run_address>0x18b0</run_address>
         <size>0x82</size>
         <input_file_ref idref="fl-d0"/>
      </object_component>
      <object_component id="oc-75">
         <name>.debug_line</name>
         <load_address>0x1932</load_address>
         <run_address>0x1932</run_address>
         <size>0x92</size>
         <input_file_ref idref="fl-d0"/>
      </object_component>
      <object_component id="oc-128">
         <name>.debug_line</name>
         <load_address>0x19c4</load_address>
         <run_address>0x19c4</run_address>
         <size>0x95</size>
         <input_file_ref idref="fl-d0"/>
      </object_component>
      <object_component id="oc-b0">
         <name>.debug_line</name>
         <load_address>0x1a59</load_address>
         <run_address>0x1a59</run_address>
         <size>0xd1</size>
         <input_file_ref idref="fl-d0"/>
      </object_component>
      <object_component id="oc-a8">
         <name>.debug_line</name>
         <load_address>0x1b2a</load_address>
         <run_address>0x1b2a</run_address>
         <size>0x99</size>
         <input_file_ref idref="fl-d0"/>
      </object_component>
      <object_component id="oc-ad">
         <name>.debug_line</name>
         <load_address>0x1bc3</load_address>
         <run_address>0x1bc3</run_address>
         <size>0x93</size>
         <input_file_ref idref="fl-d0"/>
      </object_component>
      <object_component id="oc-fd">
         <name>.debug_line</name>
         <load_address>0x1c56</load_address>
         <run_address>0x1c56</run_address>
         <size>0x69</size>
         <input_file_ref idref="fl-d0"/>
      </object_component>
      <object_component id="oc-1b0">
         <name>.debug_line</name>
         <load_address>0x1cbf</load_address>
         <run_address>0x1cbf</run_address>
         <size>0x13d</size>
         <input_file_ref idref="fl-d2"/>
      </object_component>
      <object_component id="oc-a1">
         <name>.debug_line</name>
         <load_address>0x1dfc</load_address>
         <run_address>0x1dfc</run_address>
         <size>0x94</size>
         <input_file_ref idref="fl-d2"/>
      </object_component>
      <object_component id="oc-9b">
         <name>.debug_line</name>
         <load_address>0x1e90</load_address>
         <run_address>0x1e90</run_address>
         <size>0x94</size>
         <input_file_ref idref="fl-d2"/>
      </object_component>
      <object_component id="oc-95">
         <name>.debug_line</name>
         <load_address>0x1f24</load_address>
         <run_address>0x1f24</run_address>
         <size>0xee</size>
         <input_file_ref idref="fl-d2"/>
      </object_component>
      <object_component id="oc-1b4">
         <name>.debug_line</name>
         <load_address>0x2012</load_address>
         <run_address>0x2012</run_address>
         <size>0x7f</size>
         <input_file_ref idref="fl-d2"/>
      </object_component>
      <object_component id="oc-32">
         <name>.debug_frame</name>
         <load_address>0x0</load_address>
         <run_address>0x0</run_address>
         <size>0xa4</size>
         <input_file_ref idref="fl-2"/>
      </object_component>
      <object_component id="oc-2b">
         <name>.debug_frame</name>
         <load_address>0xa4</load_address>
         <run_address>0xa4</run_address>
         <size>0x90</size>
         <input_file_ref idref="fl-3"/>
      </object_component>
      <object_component id="oc-52">
         <name>.debug_frame</name>
         <load_address>0x134</load_address>
         <run_address>0x134</run_address>
         <size>0x54</size>
         <input_file_ref idref="fl-be"/>
      </object_component>
      <object_component id="oc-1c">
         <name>.debug_frame</name>
         <load_address>0x188</load_address>
         <run_address>0x188</run_address>
         <size>0x54</size>
         <input_file_ref idref="fl-bf"/>
      </object_component>
      <object_component id="oc-19">
         <name>.debug_frame</name>
         <load_address>0x1dc</load_address>
         <run_address>0x1dc</run_address>
         <size>0x60</size>
         <input_file_ref idref="fl-c0"/>
      </object_component>
      <object_component id="oc-8a">
         <name>.debug_frame</name>
         <load_address>0x23c</load_address>
         <run_address>0x23c</run_address>
         <size>0x58</size>
         <input_file_ref idref="fl-c1"/>
      </object_component>
      <object_component id="oc-8c">
         <name>.debug_frame</name>
         <load_address>0x294</load_address>
         <run_address>0x294</run_address>
         <size>0x58</size>
         <input_file_ref idref="fl-c1"/>
      </object_component>
      <object_component id="oc-64">
         <name>.debug_frame</name>
         <load_address>0x2ec</load_address>
         <run_address>0x2ec</run_address>
         <size>0x50</size>
         <input_file_ref idref="fl-c2"/>
      </object_component>
      <object_component id="oc-84">
         <name>.debug_frame</name>
         <load_address>0x33c</load_address>
         <run_address>0x33c</run_address>
         <size>0x58</size>
         <input_file_ref idref="fl-c3"/>
      </object_component>
      <object_component id="oc-156">
         <name>.debug_frame</name>
         <load_address>0x394</load_address>
         <run_address>0x394</run_address>
         <size>0x5c</size>
         <input_file_ref idref="fl-c6"/>
      </object_component>
      <object_component id="oc-ec">
         <name>.debug_frame</name>
         <load_address>0x3f0</load_address>
         <run_address>0x3f0</run_address>
         <size>0x54</size>
         <input_file_ref idref="fl-c7"/>
      </object_component>
      <object_component id="oc-14a">
         <name>.debug_frame</name>
         <load_address>0x444</load_address>
         <run_address>0x444</run_address>
         <size>0x54</size>
         <input_file_ref idref="fl-c9"/>
      </object_component>
      <object_component id="oc-1a2">
         <name>.debug_frame</name>
         <load_address>0x498</load_address>
         <run_address>0x498</run_address>
         <size>0x54</size>
         <input_file_ref idref="fl-ca"/>
      </object_component>
      <object_component id="oc-110">
         <name>.debug_frame</name>
         <load_address>0x4ec</load_address>
         <run_address>0x4ec</run_address>
         <size>0x60</size>
         <input_file_ref idref="fl-cc"/>
      </object_component>
      <object_component id="oc-189">
         <name>.debug_frame</name>
         <load_address>0x54c</load_address>
         <run_address>0x54c</run_address>
         <size>0x5c</size>
         <input_file_ref idref="fl-cd"/>
      </object_component>
      <object_component id="oc-18c">
         <name>.debug_frame</name>
         <load_address>0x5a8</load_address>
         <run_address>0x5a8</run_address>
         <size>0x5c</size>
         <input_file_ref idref="fl-cd"/>
      </object_component>
      <object_component id="oc-79">
         <name>.debug_frame</name>
         <load_address>0x604</load_address>
         <run_address>0x604</run_address>
         <size>0x7f</size>
         <input_file_ref idref="fl-d0"/>
      </object_component>
      <object_component id="oc-12c">
         <name>.debug_frame</name>
         <load_address>0x683</load_address>
         <run_address>0x683</run_address>
         <size>0x7f</size>
         <input_file_ref idref="fl-d0"/>
      </object_component>
      <object_component id="oc-b4">
         <name>.debug_frame</name>
         <load_address>0x702</load_address>
         <run_address>0x702</run_address>
         <size>0x8f</size>
         <input_file_ref idref="fl-d0"/>
      </object_component>
      <object_component id="oc-a7">
         <name>.debug_frame</name>
         <load_address>0x791</load_address>
         <run_address>0x791</run_address>
         <size>0x8a</size>
         <input_file_ref idref="fl-d0"/>
      </object_component>
      <object_component id="oc-ae">
         <name>.debug_frame</name>
         <load_address>0x81b</load_address>
         <run_address>0x81b</run_address>
         <size>0x86</size>
         <input_file_ref idref="fl-d0"/>
      </object_component>
      <object_component id="oc-a2">
         <name>.debug_frame</name>
         <load_address>0x8a1</load_address>
         <run_address>0x8a1</run_address>
         <size>0x7f</size>
         <input_file_ref idref="fl-d2"/>
      </object_component>
      <object_component id="oc-9c">
         <name>.debug_frame</name>
         <load_address>0x920</load_address>
         <run_address>0x920</run_address>
         <size>0x7f</size>
         <input_file_ref idref="fl-d2"/>
      </object_component>
      <object_component id="oc-96">
         <name>.debug_frame</name>
         <load_address>0x99f</load_address>
         <run_address>0x99f</run_address>
         <size>0x93</size>
         <input_file_ref idref="fl-d2"/>
      </object_component>
      <object_component id="oc-100">
         <name>.debug_abbrev</name>
         <load_address>0x0</load_address>
         <run_address>0x0</run_address>
         <size>0x109</size>
         <input_file_ref idref="fl-2"/>
      </object_component>
      <object_component id="oc-ba">
         <name>.debug_abbrev</name>
         <load_address>0x109</load_address>
         <run_address>0x109</run_address>
         <size>0xa9</size>
         <input_file_ref idref="fl-2"/>
      </object_component>
      <object_component id="oc-c9">
         <name>.debug_abbrev</name>
         <load_address>0x1b2</load_address>
         <run_address>0x1b2</run_address>
         <size>0x69</size>
         <input_file_ref idref="fl-2"/>
      </object_component>
      <object_component id="oc-104">
         <name>.debug_abbrev</name>
         <load_address>0x21b</load_address>
         <run_address>0x21b</run_address>
         <size>0x6b</size>
         <input_file_ref idref="fl-2"/>
      </object_component>
      <object_component id="oc-bd">
         <name>.debug_abbrev</name>
         <load_address>0x286</load_address>
         <run_address>0x286</run_address>
         <size>0x1f</size>
         <input_file_ref idref="fl-2"/>
      </object_component>
      <object_component id="oc-132">
         <name>.debug_abbrev</name>
         <load_address>0x2a5</load_address>
         <run_address>0x2a5</run_address>
         <size>0x5c</size>
         <input_file_ref idref="fl-2"/>
      </object_component>
      <object_component id="oc-c2">
         <name>.debug_abbrev</name>
         <load_address>0x301</load_address>
         <run_address>0x301</run_address>
         <size>0x24</size>
         <input_file_ref idref="fl-2"/>
      </object_component>
      <object_component id="oc-109">
         <name>.debug_abbrev</name>
         <load_address>0x325</load_address>
         <run_address>0x325</run_address>
         <size>0x33</size>
         <input_file_ref idref="fl-2"/>
      </object_component>
      <object_component id="oc-c5">
         <name>.debug_abbrev</name>
         <load_address>0x358</load_address>
         <run_address>0x358</run_address>
         <size>0x7c</size>
         <input_file_ref idref="fl-3"/>
      </object_component>
      <object_component id="oc-33">
         <name>.debug_abbrev</name>
         <load_address>0x3d4</load_address>
         <run_address>0x3d4</run_address>
         <size>0x29</size>
         <input_file_ref idref="fl-3"/>
      </object_component>
      <object_component id="oc-73">
         <name>.debug_abbrev</name>
         <load_address>0x3fd</load_address>
         <run_address>0x3fd</run_address>
         <size>0x79</size>
         <input_file_ref idref="fl-3"/>
      </object_component>
      <object_component id="oc-3e">
         <name>.debug_abbrev</name>
         <load_address>0x476</load_address>
         <run_address>0x476</run_address>
         <size>0x1f</size>
         <input_file_ref idref="fl-3"/>
      </object_component>
      <object_component id="oc-141">
         <name>.debug_abbrev</name>
         <load_address>0x495</load_address>
         <run_address>0x495</run_address>
         <size>0x5d</size>
         <input_file_ref idref="fl-be"/>
      </object_component>
      <object_component id="oc-da">
         <name>.debug_abbrev</name>
         <load_address>0x4f2</load_address>
         <run_address>0x4f2</run_address>
         <size>0x6f</size>
         <input_file_ref idref="fl-be"/>
      </object_component>
      <object_component id="oc-dd">
         <name>.debug_abbrev</name>
         <load_address>0x561</load_address>
         <run_address>0x561</run_address>
         <size>0x24</size>
         <input_file_ref idref="fl-be"/>
      </object_component>
      <object_component id="oc-13e">
         <name>.debug_abbrev</name>
         <load_address>0x585</load_address>
         <run_address>0x585</run_address>
         <size>0x24</size>
         <input_file_ref idref="fl-be"/>
      </object_component>
      <object_component id="oc-d8">
         <name>.debug_abbrev</name>
         <load_address>0x5a9</load_address>
         <run_address>0x5a9</run_address>
         <size>0x37</size>
         <input_file_ref idref="fl-bf"/>
      </object_component>
      <object_component id="oc-46">
         <name>.debug_abbrev</name>
         <load_address>0x5e0</load_address>
         <run_address>0x5e0</run_address>
         <size>0x74</size>
         <input_file_ref idref="fl-bf"/>
      </object_component>
      <object_component id="oc-49">
         <name>.debug_abbrev</name>
         <load_address>0x654</load_address>
         <run_address>0x654</run_address>
         <size>0x24</size>
         <input_file_ref idref="fl-bf"/>
      </object_component>
      <object_component id="oc-d5">
         <name>.debug_abbrev</name>
         <load_address>0x678</load_address>
         <run_address>0x678</run_address>
         <size>0x24</size>
         <input_file_ref idref="fl-bf"/>
      </object_component>
      <object_component id="oc-13a">
         <name>.debug_abbrev</name>
         <load_address>0x69c</load_address>
         <run_address>0x69c</run_address>
         <size>0x37</size>
         <input_file_ref idref="fl-c0"/>
      </object_component>
      <object_component id="oc-36">
         <name>.debug_abbrev</name>
         <load_address>0x6d3</load_address>
         <run_address>0x6d3</run_address>
         <size>0x6f</size>
         <input_file_ref idref="fl-c0"/>
      </object_component>
      <object_component id="oc-39">
         <name>.debug_abbrev</name>
         <load_address>0x742</load_address>
         <run_address>0x742</run_address>
         <size>0x24</size>
         <input_file_ref idref="fl-c0"/>
      </object_component>
      <object_component id="oc-137">
         <name>.debug_abbrev</name>
         <load_address>0x766</load_address>
         <run_address>0x766</run_address>
         <size>0x35</size>
         <input_file_ref idref="fl-c0"/>
      </object_component>
      <object_component id="oc-ce">
         <name>.debug_abbrev</name>
         <load_address>0x79b</load_address>
         <run_address>0x79b</run_address>
         <size>0x24</size>
         <input_file_ref idref="fl-c0"/>
      </object_component>
      <object_component id="oc-1ad">
         <name>.debug_abbrev</name>
         <load_address>0x7bf</load_address>
         <run_address>0x7bf</run_address>
         <size>0x4b</size>
         <input_file_ref idref="fl-c1"/>
      </object_component>
      <object_component id="oc-1ab">
         <name>.debug_abbrev</name>
         <load_address>0x80a</load_address>
         <run_address>0x80a</run_address>
         <size>0x27</size>
         <input_file_ref idref="fl-c1"/>
      </object_component>
      <object_component id="oc-11f">
         <name>.debug_abbrev</name>
         <load_address>0x831</load_address>
         <run_address>0x831</run_address>
         <size>0x7e</size>
         <input_file_ref idref="fl-c1"/>
      </object_component>
      <object_component id="oc-121">
         <name>.debug_abbrev</name>
         <load_address>0x8af</load_address>
         <run_address>0x8af</run_address>
         <size>0x64</size>
         <input_file_ref idref="fl-c1"/>
      </object_component>
      <object_component id="oc-71">
         <name>.debug_abbrev</name>
         <load_address>0x913</load_address>
         <run_address>0x913</run_address>
         <size>0x29</size>
         <input_file_ref idref="fl-c2"/>
      </object_component>
      <object_component id="oc-f0">
         <name>.debug_abbrev</name>
         <load_address>0x93c</load_address>
         <run_address>0x93c</run_address>
         <size>0x55</size>
         <input_file_ref idref="fl-c2"/>
      </object_component>
      <object_component id="oc-19f">
         <name>.debug_abbrev</name>
         <load_address>0x991</load_address>
         <run_address>0x991</run_address>
         <size>0x44</size>
         <input_file_ref idref="fl-c3"/>
      </object_component>
      <object_component id="oc-112">
         <name>.debug_abbrev</name>
         <load_address>0x9d5</load_address>
         <run_address>0x9d5</run_address>
         <size>0x7f</size>
         <input_file_ref idref="fl-c3"/>
      </object_component>
      <object_component id="oc-19c">
         <name>.debug_abbrev</name>
         <load_address>0xa54</load_address>
         <run_address>0xa54</run_address>
         <size>0x35</size>
         <input_file_ref idref="fl-c3"/>
      </object_component>
      <object_component id="oc-115">
         <name>.debug_abbrev</name>
         <load_address>0xa89</load_address>
         <run_address>0xa89</run_address>
         <size>0x24</size>
         <input_file_ref idref="fl-c3"/>
      </object_component>
      <object_component id="oc-d2">
         <name>.debug_abbrev</name>
         <load_address>0xaad</load_address>
         <run_address>0xaad</run_address>
         <size>0x3e</size>
         <input_file_ref idref="fl-c4"/>
      </object_component>
      <object_component id="oc-1e8">
         <name>.debug_abbrev</name>
         <load_address>0xaeb</load_address>
         <run_address>0xaeb</run_address>
         <size>0xc0</size>
         <input_file_ref idref="fl-c6"/>
      </object_component>
      <object_component id="oc-1be">
         <name>.debug_abbrev</name>
         <load_address>0xbab</load_address>
         <run_address>0xbab</run_address>
         <size>0x7e</size>
         <input_file_ref idref="fl-c6"/>
      </object_component>
      <object_component id="oc-1ec">
         <name>.debug_abbrev</name>
         <load_address>0xc29</load_address>
         <run_address>0xc29</run_address>
         <size>0x24</size>
         <input_file_ref idref="fl-c6"/>
      </object_component>
      <object_component id="oc-201">
         <name>.debug_abbrev</name>
         <load_address>0xc4d</load_address>
         <run_address>0xc4d</run_address>
         <size>0x24</size>
         <input_file_ref idref="fl-c6"/>
      </object_component>
      <object_component id="oc-1f1">
         <name>.debug_abbrev</name>
         <load_address>0xc71</load_address>
         <run_address>0xc71</run_address>
         <size>0x24</size>
         <input_file_ref idref="fl-c6"/>
      </object_component>
      <object_component id="oc-1f6">
         <name>.debug_abbrev</name>
         <load_address>0xc95</load_address>
         <run_address>0xc95</run_address>
         <size>0x4b</size>
         <input_file_ref idref="fl-c6"/>
      </object_component>
      <object_component id="oc-144">
         <name>.debug_abbrev</name>
         <load_address>0xce0</load_address>
         <run_address>0xce0</run_address>
         <size>0x55</size>
         <input_file_ref idref="fl-c7"/>
      </object_component>
      <object_component id="oc-1b7">
         <name>.debug_abbrev</name>
         <load_address>0xd35</load_address>
         <run_address>0xd35</run_address>
         <size>0x45</size>
         <input_file_ref idref="fl-c9"/>
      </object_component>
      <object_component id="oc-1e2">
         <name>.debug_abbrev</name>
         <load_address>0xd7a</load_address>
         <run_address>0xd7a</run_address>
         <size>0x50</size>
         <input_file_ref idref="fl-ca"/>
      </object_component>
      <object_component id="oc-1a7">
         <name>.debug_abbrev</name>
         <load_address>0xdca</load_address>
         <run_address>0xdca</run_address>
         <size>0x29</size>
         <input_file_ref idref="fl-ca"/>
      </object_component>
      <object_component id="oc-1e1">
         <name>.debug_abbrev</name>
         <load_address>0xdf3</load_address>
         <run_address>0xdf3</run_address>
         <size>0x53</size>
         <input_file_ref idref="fl-ca"/>
      </object_component>
      <object_component id="oc-194">
         <name>.debug_abbrev</name>
         <load_address>0xe46</load_address>
         <run_address>0xe46</run_address>
         <size>0x80</size>
         <input_file_ref idref="fl-cc"/>
      </object_component>
      <object_component id="oc-1de">
         <name>.debug_abbrev</name>
         <load_address>0xec6</load_address>
         <run_address>0xec6</run_address>
         <size>0x24</size>
         <input_file_ref idref="fl-cc"/>
      </object_component>
      <object_component id="oc-197">
         <name>.debug_abbrev</name>
         <load_address>0xeea</load_address>
         <run_address>0xeea</run_address>
         <size>0x24</size>
         <input_file_ref idref="fl-cc"/>
      </object_component>
      <object_component id="oc-1fd">
         <name>.debug_abbrev</name>
         <load_address>0xf0e</load_address>
         <run_address>0xf0e</run_address>
         <size>0x52</size>
         <input_file_ref idref="fl-cd"/>
      </object_component>
      <object_component id="oc-1fb">
         <name>.debug_abbrev</name>
         <load_address>0xf60</load_address>
         <run_address>0xf60</run_address>
         <size>0x29</size>
         <input_file_ref idref="fl-cd"/>
      </object_component>
      <object_component id="oc-1d7">
         <name>.debug_abbrev</name>
         <load_address>0xf89</load_address>
         <run_address>0xf89</run_address>
         <size>0x6f</size>
         <input_file_ref idref="fl-cd"/>
      </object_component>
      <object_component id="oc-1d9">
         <name>.debug_abbrev</name>
         <load_address>0xff8</load_address>
         <run_address>0xff8</run_address>
         <size>0x6f</size>
         <input_file_ref idref="fl-cd"/>
      </object_component>
      <object_component id="oc-1da">
         <name>.debug_abbrev</name>
         <load_address>0x1067</load_address>
         <run_address>0x1067</run_address>
         <size>0xc1</size>
         <input_file_ref idref="fl-ce"/>
      </object_component>
      <object_component id="oc-183">
         <name>.debug_abbrev</name>
         <load_address>0x1128</load_address>
         <run_address>0x1128</run_address>
         <size>0x72</size>
         <input_file_ref idref="fl-d0"/>
      </object_component>
      <object_component id="oc-f9">
         <name>.debug_abbrev</name>
         <load_address>0x119a</load_address>
         <run_address>0x119a</run_address>
         <size>0x6c</size>
         <input_file_ref idref="fl-d0"/>
      </object_component>
      <object_component id="oc-1b6">
         <name>.debug_abbrev</name>
         <load_address>0x1206</load_address>
         <run_address>0x1206</run_address>
         <size>0x6c</size>
         <input_file_ref idref="fl-d0"/>
      </object_component>
      <object_component id="oc-12f">
         <name>.debug_abbrev</name>
         <load_address>0x1272</load_address>
         <run_address>0x1272</run_address>
         <size>0x6c</size>
         <input_file_ref idref="fl-d0"/>
      </object_component>
      <object_component id="oc-12d">
         <name>.debug_abbrev</name>
         <load_address>0x12de</load_address>
         <run_address>0x12de</run_address>
         <size>0x7a</size>
         <input_file_ref idref="fl-d0"/>
      </object_component>
      <object_component id="oc-12e">
         <name>.debug_abbrev</name>
         <load_address>0x1358</load_address>
         <run_address>0x1358</run_address>
         <size>0x6c</size>
         <input_file_ref idref="fl-d0"/>
      </object_component>
      <object_component id="oc-fc">
         <name>.debug_abbrev</name>
         <load_address>0x13c4</load_address>
         <run_address>0x13c4</run_address>
         <size>0x35</size>
         <input_file_ref idref="fl-d0"/>
      </object_component>
      <object_component id="oc-1af">
         <name>.debug_abbrev</name>
         <load_address>0x13f9</load_address>
         <run_address>0x13f9</run_address>
         <size>0xb0</size>
         <input_file_ref idref="fl-d2"/>
      </object_component>
      <object_component id="oc-126">
         <name>.debug_abbrev</name>
         <load_address>0x14a9</load_address>
         <run_address>0x14a9</run_address>
         <size>0x6e</size>
         <input_file_ref idref="fl-d2"/>
      </object_component>
      <object_component id="oc-125">
         <name>.debug_abbrev</name>
         <load_address>0x1517</load_address>
         <run_address>0x1517</run_address>
         <size>0x6c</size>
         <input_file_ref idref="fl-d2"/>
      </object_component>
      <object_component id="oc-123">
         <name>.debug_abbrev</name>
         <load_address>0x1583</load_address>
         <run_address>0x1583</run_address>
         <size>0x7a</size>
         <input_file_ref idref="fl-d2"/>
      </object_component>
      <object_component id="oc-1b3">
         <name>.debug_abbrev</name>
         <load_address>0x15fd</load_address>
         <run_address>0x15fd</run_address>
         <size>0x49</size>
         <input_file_ref idref="fl-d2"/>
      </object_component>
      <object_component id="oc-23b">
         <name>.debug_abbrev</name>
         <load_address>0x1646</load_address>
         <run_address>0x1646</run_address>
         <size>0xf</size>
      </object_component>
      <object_component id="oc-cb">
         <name>.debug_str</name>
         <load_address>0x0</load_address>
         <run_address>0x0</run_address>
         <size>0x2a8</size>
         <input_file_ref idref="fl-2"/>
      </object_component>
      <object_component id="oc-106">
         <name>.debug_str</name>
         <load_address>0x2a8</load_address>
         <run_address>0x2a8</run_address>
         <size>0x17d</size>
         <input_file_ref idref="fl-2"/>
      </object_component>
      <object_component id="oc-bf">
         <name>.debug_str</name>
         <load_address>0x425</load_address>
         <run_address>0x425</run_address>
         <size>0xfd</size>
         <input_file_ref idref="fl-2"/>
      </object_component>
      <object_component id="oc-134">
         <name>.debug_str</name>
         <load_address>0x522</load_address>
         <run_address>0x522</run_address>
         <size>0x33e</size>
         <input_file_ref idref="fl-2"/>
      </object_component>
      <object_component id="oc-c4">
         <name>.debug_str</name>
         <load_address>0x860</load_address>
         <run_address>0x860</run_address>
         <size>0x140</size>
         <input_file_ref idref="fl-2"/>
      </object_component>
      <object_component id="oc-10b">
         <name>.debug_str</name>
         <load_address>0x9a0</load_address>
         <run_address>0x9a0</run_address>
         <size>0xec</size>
         <input_file_ref idref="fl-2"/>
      </object_component>
      <object_component id="oc-40">
         <name>.debug_str</name>
         <load_address>0xa8c</load_address>
         <run_address>0xa8c</run_address>
         <size>0xfd</size>
         <input_file_ref idref="fl-3"/>
      </object_component>
      <object_component id="oc-df">
         <name>.debug_str</name>
         <load_address>0xb89</load_address>
         <run_address>0xb89</run_address>
         <size>0x105</size>
         <input_file_ref idref="fl-be"/>
      </object_component>
      <object_component id="oc-140">
         <name>.debug_str</name>
         <load_address>0xc8e</load_address>
         <run_address>0xc8e</run_address>
         <size>0x140</size>
         <input_file_ref idref="fl-be"/>
      </object_component>
      <object_component id="oc-4b">
         <name>.debug_str</name>
         <load_address>0xdce</load_address>
         <run_address>0xdce</run_address>
         <size>0x10b</size>
         <input_file_ref idref="fl-bf"/>
      </object_component>
      <object_component id="oc-d7">
         <name>.debug_str</name>
         <load_address>0xed9</load_address>
         <run_address>0xed9</run_address>
         <size>0x140</size>
         <input_file_ref idref="fl-bf"/>
      </object_component>
      <object_component id="oc-3b">
         <name>.debug_str</name>
         <load_address>0x1019</load_address>
         <run_address>0x1019</run_address>
         <size>0x118</size>
         <input_file_ref idref="fl-c0"/>
      </object_component>
      <object_component id="oc-139">
         <name>.debug_str</name>
         <load_address>0x1131</load_address>
[...]
            <object_component_ref idref="oc-199"/>
            <object_component_ref idref="oc-fe"/>
            <object_component_ref idref="oc-1b5"/>
         </contents>
      </logical_group>
      <logical_group id="lg-226" display="never" color="cyan">
         <name>.debug_aranges</name>
         <load_address>0x0</load_address>
         <run_address>0x0</run_address>
         <size>0x350</size>
         <contents>
            <object_component_ref idref="oc-30"/>
            <object_component_ref idref="oc-29"/>
            <object_component_ref idref="oc-4f"/>
            <object_component_ref idref="oc-1e"/>
            <object_component_ref idref="oc-18"/>
            <object_component_ref idref="oc-88"/>
            <object_component_ref idref="oc-8e"/>
            <object_component_ref idref="oc-61"/>
            <object_component_ref idref="oc-81"/>
            <object_component_ref idref="oc-42"/>
            <object_component_ref idref="oc-155"/>
            <object_component_ref idref="oc-ea"/>
            <object_component_ref idref="oc-146"/>
            <object_component_ref idref="oc-1a4"/>
            <object_component_ref idref="oc-10e"/>
            <object_component_ref idref="oc-188"/>
            <object_component_ref idref="oc-18f"/>
            <object_component_ref idref="oc-78"/>
            <object_component_ref idref="oc-12b"/>
            <object_component_ref idref="oc-b3"/>
            <object_component_ref idref="oc-a6"/>
            <object_component_ref idref="oc-ac"/>
            <object_component_ref idref="oc-9f"/>
            <object_component_ref idref="oc-99"/>
            <object_component_ref idref="oc-93"/>
         </contents>
      </logical_group>
      <logical_group id="lg-228" display="never" color="cyan">
         <name>.debug_pubnames</name>
         <load_address>0x0</load_address>
         <run_address>0x0</run_address>
         <size>0x53f</size>
         <contents>
            <object_component_ref idref="oc-7c"/>
            <object_component_ref idref="oc-2f"/>
            <object_component_ref idref="oc-14"/>
            <object_component_ref idref="oc-2a"/>
            <object_component_ref idref="oc-51"/>
            <object_component_ref idref="oc-1f"/>
            <object_component_ref idref="oc-17"/>
            <object_component_ref idref="oc-11e"/>
            <object_component_ref idref="oc-87"/>
            <object_component_ref idref="oc-90"/>
            <object_component_ref idref="oc-26"/>
            <object_component_ref idref="oc-62"/>
            <object_component_ref idref="oc-83"/>
            <object_component_ref idref="oc-45"/>
            <object_component_ref idref="oc-154"/>
            <object_component_ref idref="oc-eb"/>
            <object_component_ref idref="oc-148"/>
            <object_component_ref idref="oc-11b"/>
            <object_component_ref idref="oc-1a5"/>
            <object_component_ref idref="oc-10f"/>
            <object_component_ref idref="oc-1d6"/>
            <object_component_ref idref="oc-187"/>
            <object_component_ref idref="oc-18e"/>
            <object_component_ref idref="oc-193"/>
            <object_component_ref idref="oc-77"/>
            <object_component_ref idref="oc-12a"/>
            <object_component_ref idref="oc-b2"/>
            <object_component_ref idref="oc-a5"/>
            <object_component_ref idref="oc-ab"/>
            <object_component_ref idref="oc-a0"/>
            <object_component_ref idref="oc-9a"/>
            <object_component_ref idref="oc-94"/>
         </contents>
      </logical_group>
      <logical_group id="lg-22a" display="never" color="cyan">
         <name>.debug_pubtypes</name>
         <load_address>0x0</load_address>
         <run_address>0x0</run_address>
         <size>0xe00</size>
         <contents>
            <object_component_ref idref="oc-c8"/>
            <object_component_ref idref="oc-103"/>
            <object_component_ref idref="oc-bc"/>
            <object_component_ref idref="oc-131"/>
            <object_component_ref idref="oc-c1"/>
            <object_component_ref idref="oc-108"/>
            <object_component_ref idref="oc-3d"/>
            <object_component_ref idref="oc-dc"/>
            <object_component_ref idref="oc-13d"/>
            <object_component_ref idref="oc-48"/>
            <object_component_ref idref="oc-d4"/>
            <object_component_ref idref="oc-38"/>
            <object_component_ref idref="oc-136"/>
            <object_component_ref idref="oc-cd"/>
            <object_component_ref idref="oc-19b"/>
            <object_component_ref idref="oc-114"/>
            <object_component_ref idref="oc-1eb"/>
            <object_component_ref idref="oc-200"/>
            <object_component_ref idref="oc-1f0"/>
            <object_component_ref idref="oc-1f5"/>
            <object_component_ref idref="oc-1aa"/>
            <object_component_ref idref="oc-1dd"/>
            <object_component_ref idref="oc-196"/>
            <object_component_ref idref="oc-fb"/>
            <object_component_ref idref="oc-1b2"/>
         </contents>
      </logical_group>
      <logical_group id="lg-238" display="no" color="cyan">
         <name>Veneer$$CMSE</name>
         <run_address>0x0</run_address>
         <size>0x0</size>
         <contents>
         </contents>
      </logical_group>
      <load_segment id="lg-23f" display="no" color="cyan">
         <name>SEGMENT_0</name>
         <load_address>0x0</load_address>
         <run_address>0x0</run_address>
         <size>0xe78</size>
         <flags>0x5</flags>
         <contents>
            <logical_group_ref idref="lg-3"/>
            <logical_group_ref idref="lg-4"/>
            <logical_group_ref idref="lg-6"/>
         </contents>
      </load_segment>
      <load_segment id="lg-240" display="no" color="cyan">
         <name>SEGMENT_1</name>
         <run_address>0x20000000</run_address>
         <size>0x3f4</size>
         <flags>0x6</flags>
         <contents>
            <logical_group_ref idref="lg-d"/>
            <logical_group_ref idref="lg-b"/>
            <logical_group_ref idref="lg-a"/>
         </contents>
      </load_segment>
   </logical_group_list>
   <placement_map>
      <memory_area display="yes" color="green">
         <name>FLASH</name>
         <page_id>0x0</page_id>
         <origin>0x0</origin>
         <length>0x40000</length>
         <used_space>0xe76</used_space>
         <unused_space>0x3f18a</unused_space>
         <attributes>RX</attributes>
         <usage_details>
            <allocated_space>
               <start_address>0x0</start_address>
               <size>0x26c</size>
               <logical_group_ref idref="lg-3"/>
            </allocated_space>
            <allocated_space>
               <start_address>0x26c</start_address>
               <size>0xbd2</size>
               <logical_group_ref idref="lg-4"/>
            </allocated_space>
            <available_space>
               <start_address>0xe3e</start_address>
               <size>0x2</size>
            </available_space>
            <allocated_space>
               <start_address>0xe40</start_address>
               <size>0x38</size>
               <logical_group_ref idref="lg-6"/>
            </allocated_space>
            <available_space>
               <start_address>0xe78</start_address>
               <size>0x3f188</size>
            </available_space>
         </usage_details>
      </memory_area>
      <memory_area display="yes" color="green">
         <name>SRAM</name>
         <page_id>0x0</page_id>
         <origin>0x20000000</origin>
         <length>0x8000</length>
         <used_space>0x3f1</used_space>
         <unused_space>0x7c0f</unused_space>
         <attributes>RWX</attributes>
         <usage_details>
            <allocated_space>
               <start_address>0x20000000</start_address>
               <size>0x0</size>
               <logical_group_ref idref="lg-20d"/>
            </allocated_space>
            <allocated_space>
               <start_address>0x20000000</start_address>
               <size>0x200</size>
               <logical_group_ref idref="lg-d"/>
            </allocated_space>
            <allocated_space>
               <start_address>0x20000200</start_address>
               <size>0x1e5</size>
               <logical_group_ref idref="lg-b"/>
            </allocated_space>
            <available_space>
               <start_address>0x200003e5</start_address>
               <size>0x3</size>
            </available_space>
            <allocated_space>
               <start_address>0x200003e8</start_address>
               <size>0xc</size>
               <logical_group_ref idref="lg-a"/>
            </allocated_space>
            <available_space>
               <start_address>0x200003f4</start_address>
               <size>0x7c0c</size>
            </available_space>
         </usage_details>
      </memory_area>
   </placement_map>
   <cptbl_list>
      <cptbl>
         <name>__TI_cinit_table</name>
         <cprec>
            <name>.data</name>
            <load_address>0xe40</load_address>
            <load_size>0xf</load_size>
            <run_address>0x200003e8</run_address>
            <run_size>0xc</run_size>
            <compression>lzss</compression>
         </cprec>
         <cprec>
            <name>.bss</name>
            <load_address>0xe60</load_address>
            <load_size>0x8</load_size>
            <run_address>0x20000200</run_address>
            <run_size>0x1e5</run_size>
            <compression>zero_init</compression>
         </cprec>
      </cptbl>
   </cptbl_list>
   <handler_table>
      <handler_table_name>__TI_handler_table</handler_table_name>
      <handler>
         <index>0x0</index>
         <name>__TI_decompress_lzss</name>
      </handler>
      <handler>
         <index>0x1</index>
         <name>__TI_decompress_none</name>
      </handler>
      <handler>
         <index>0x2</index>
         <name>__TI_zero_init</name>
      </handler>
   </handler_table>
   <symbol_table>
      <symbol id="sm-1">
         <name>__STACK_TOP</name>
         <value>0x20000200</value>
      </symbol>
      <symbol id="sm-2">
         <name>__start___llvm_prf_cnts</name>
         <value>0x20000000</value>
      </symbol>
      <symbol id="sm-3">
         <name>__stop___llvm_prf_cnts</name>
         <value>0x20000000</value>
      </symbol>
      <symbol id="sm-4">
         <name>__TI_CINIT_Base</name>
         <value>0xe68</value>
      </symbol>
      <symbol id="sm-5">
         <name>__TI_CINIT_Limit</name>
         <value>0xe78</value>
      </symbol>
      <symbol id="sm-6">
         <name>__TI_Handler_Table_Base</name>
         <value>0xe50</value>
      </symbol>
      <symbol id="sm-7">
         <name>__TI_Handler_Table_Limit</name>
         <value>0xe5c</value>
      </symbol>
      <symbol id="sm-8">
         <name>binit</name>
         <value>0xffffffff</value>
      </symbol>
      <symbol id="sm-9">
         <name>__binit__</name>
         <value>0xffffffff</value>
      </symbol>
      <symbol id="sm-a">
         <name>__STACK_SIZE</name>
         <value>0x200</value>
      </symbol>
      <symbol id="sm-b">
         <name>__STACK_END</name>
         <value>0x20000200</value>
      </symbol>
      <symbol id="sm-c">
         <name>__c_args__</name>
         <value>0xffffffff</value>
      </symbol>
      <symbol id="sm-d">
         <name>__TI_pprof_out_hndl</name>
         <value>0xffffffff</value>
      </symbol>
      <symbol id="sm-e">
         <name>__TI_prof_data_start</name>
         <value>0xffffffff</value>
      </symbol>
      <symbol id="sm-f">
         <name>__TI_prof_data_size</name>
         <value>0xffffffff</value>
      </symbol>
      <symbol id="sm-b1">
         <name>colorArray</name>
         <value>0x20000320</value>
      </symbol>
      <symbol id="sm-b2">
         <name>inputArray</name>
         <value>0x20000374</value>
      </symbol>
      <symbol id="sm-b3">
         <name>currentColor</name>
         <value>0x200003d4</value>
      </symbol>
      <symbol id="sm-b4">
         <name>numLevel</name>
         <value>0x200003dc</value>
      </symbol>
      <symbol id="sm-b5">
         <name>inputNum</name>
         <value>0x200003d8</value>
      </symbol>
      <symbol id="sm-b6">
         <name>timeoutCount</name>
         <value>0x200003e0</value>
      </symbol>
      <symbol id="sm-b7">
         <name>blinkDelay</name>
         <value>0x200003d0</value>
      </symbol>
      <symbol id="sm-b8">
         <name>correctInput</name>
         <value>0x200003e4</value>
      </symbol>
      <symbol id="sm-b9">
         <name>blinkLed</name>
         <value>0x325</value>
         <object_component_ref idref="oc-2d"/>
      </symbol>
      <symbol id="sm-ba">
         <name>main</name>
         <value>0x46d</value>
         <object_component_ref idref="oc-2d"/>
      </symbol>
      <symbol id="sm-bb">
         <name>systickHandler</name>
         <value>0x31b</value>
         <object_component_ref idref="oc-2d"/>
      </symbol>
      <symbol id="sm-bc">
         <name>gpioHandler</name>
         <value>0x26d</value>
         <object_component_ref idref="oc-2d"/>
      </symbol>
      <symbol id="sm-dd">
         <name>ResetISR</name>
         <value>0xe1f</value>
         <object_component_ref idref="oc-27"/>
      </symbol>
      <symbol id="sm-de">
         <name>g_pfnVectors</name>
         <value>0x0</value>
         <object_component_ref idref="oc-12"/>
      </symbol>
      <symbol id="sm-f7">
         <name>__TI_zero_init_nomemset</name>
         <value>0xdbd</value>
         <object_component_ref idref="oc-4d"/>
      </symbol>
      <symbol id="sm-10e">
         <name>__TI_decompress_none</name>
         <value>0xe11</value>
         <object_component_ref idref="oc-1b"/>
      </symbol>
      <symbol id="sm-131">
         <name>__TI_decompress_lzss</name>
         <value>0xb39</value>
         <object_component_ref idref="oc-15"/>
      </symbol>
      <symbol id="sm-156">
         <name>rand</name>
         <value>0xd39</value>
         <object_component_ref idref="oc-8b"/>
      </symbol>
      <symbol id="sm-157">
         <name>srand</name>
         <value>0xd99</value>
         <object_component_ref idref="oc-85"/>
      </symbol>
      <symbol id="sm-16a">
         <name>__stack</name>
         <value>0x20000000</value>
         <object_component_ref idref="oc-24"/>
      </symbol>
      <symbol id="sm-16b">
         <name>_c_int00_noargs</name>
         <value>0xd05</value>
         <object_component_ref idref="oc-5f"/>
      </symbol>
      <symbol id="sm-183">
         <name>__time32</name>
         <value>0xe03</value>
         <object_component_ref idref="oc-7f"/>
      </symbol>
      <symbol id="sm-184">
         <name>time</name>
         <value>0xe03</value>
         <object_component_ref idref="oc-7f"/>
      </symbol>
      <symbol id="sm-19f">
         <name>memcpy</name>
         <value>0xa9d</value>
         <object_component_ref idref="oc-41"/>
      </symbol>
      <symbol id="sm-1a0">
         <name>__aeabi_memcpy</name>
         <value>0xa9d</value>
         <object_component_ref idref="oc-41"/>
      </symbol>
      <symbol id="sm-1a1">
         <name>__aeabi_memcpy8</name>
         <value>0xa9d</value>
         <object_component_ref idref="oc-41"/>
      </symbol>
      <symbol id="sm-1a2">
         <name>__aeabi_memcpy4</name>
         <value>0xa9d</value>
         <object_component_ref idref="oc-41"/>
      </symbol>
      <symbol id="sm-1cb">
         <name>__TI_auto_init_nobinit_nopinit</name>
         <value>0xbe9</value>
         <object_component_ref idref="oc-151"/>
      </symbol>
      <symbol id="sm-1d5">
         <name>_system_pre_init</name>
         <value>0xe37</value>
         <object_component_ref idref="oc-e7"/>
      </symbol>
      <symbol id="sm-1e1">
         <name>C$$EXIT</name>
         <value>0xe3b</value>
         <object_component_ref idref="oc-145"/>
      </symbol>
      <symbol id="sm-1e2">
         <name>abort</name>
         <value>0xe3b</value>
         <object_component_ref idref="oc-145"/>
      </symbol>
      <symbol id="sm-1f7">
         <name>_nop</name>
         <value>0x9a7</value>
         <object_component_ref idref="oc-1a1"/>
      </symbol>
      <symbol id="sm-1f8">
         <name>_lock</name>
         <value>0x200003e8</value>
         <object_component_ref idref="oc-119"/>
      </symbol>
      <symbol id="sm-1f9">
         <name>_unlock</name>
         <value>0x200003ec</value>
         <object_component_ref idref="oc-119"/>
      </symbol>
      <symbol id="sm-212">
         <name>HOSTtime</name>
         <value>0xba1</value>
         <object_component_ref idref="oc-10c"/>
      </symbol>
      <symbol id="sm-236">
         <name>__TI_readmsg</name>
         <value>0xcd1</value>
         <object_component_ref idref="oc-18b"/>
      </symbol>
      <symbol id="sm-237">
         <name>C$$IO$$</name>
         <value>0xc93</value>
         <object_component_ref idref="oc-185"/>
      </symbol>
      <symbol id="sm-238">
         <name>__CIOBUF_</name>
         <value>0x20000200</value>
         <object_component_ref idref="oc-1d4"/>
      </symbol>
      <symbol id="sm-239">
         <name>__TI_writemsg</name>
         <value>0xc65</value>
         <object_component_ref idref="oc-185"/>
      </symbol>
      <symbol id="sm-23f">
         <name>parmbuf</name>
         <value>0x200003c8</value>
      </symbol>
      <symbol id="sm-274">
         <name>GPIOPinTypeGPIOInput</name>
         <value>0xdf1</value>
         <object_component_ref idref="oc-a9"/>
      </symbol>
      <symbol id="sm-275">
         <name>GPIOPinTypeGPIOOutput</name>
         <value>0xdd9</value>
         <object_component_ref idref="oc-a3"/>
      </symbol>
      <symbol id="sm-276">
         <name>GPIODirModeSet</name>
         <value>0xd6d</value>
         <object_component_ref idref="oc-127"/>
      </symbol>
      <symbol id="sm-277">
         <name>GPIOPinWrite</name>
         <value>0xe2b</value>
         <object_component_ref idref="oc-74"/>
      </symbol>
      <symbol id="sm-278">
         <name>GPIOPadConfigSet</name>
         <value>0x875</value>
         <object_component_ref idref="oc-af"/>
      </symbol>
      <symbol id="sm-2b0">
         <name>SysCtlClockSet</name>
         <value>0x9a9</value>
         <object_component_ref idref="oc-91"/>
      </symbol>
      <symbol id="sm-2b1">
         <name>SysCtlDelay</name>
         <value>0xe31</value>
         <object_component_ref idref="oc-122"/>
      </symbol>
      <symbol id="sm-2b2">
         <name>SysCtlPeripheralEnable</name>
         <value>0xc9d</value>
         <object_component_ref idref="oc-97"/>
      </symbol>
      <symbol id="sm-2b3">
         <name>SysCtlPeripheralReady</name>
         <value>0xc2d</value>
         <object_component_ref idref="oc-9d"/>
      </symbol>
      <symbol id="sm-2b5">
         <name>__TI_static_base__</name>
         <value>0x0</value>
      </symbol>
      <symbol id="sm-2b8">
         <name>__mpu_init</name>
         <value>0x0</value>
      </symbol>
      <symbol id="sm-2b9">
         <name>_system_post_cinit</name>
         <value>0x0</value>
      </symbol>
   </symbol_table>
   <title>Link successful</title>
</link_info>
