******************************************************************************
                  TI ARM Linker Unix v20.2.5                   
******************************************************************************
>> Linked Sun May  1 14:15:22 2022

OUTPUT FILE NAME:   <Master Demo1.out>
ENTRY POINT SYMBOL: "_c_int00_noinit_noargs"  address: 00000751


MEMORY CONFIGURATION

         name            origin    length      used     unused   attr    fill
----------------------  --------  ---------  --------  --------  ----  --------
  FLASH                 00000000   00040000  00000918  0003f6e8  R  X
  SRAM                  20000000   00008000  00000200  00007e00  RW X


SEGMENT ALLOCATION MAP

run origin  load origin   length   init length attrs members
----------  ----------- ---------- ----------- ----- -------
00000000    00000000    00000918   00000918    r-x
  00000000    00000000    0000026c   0000026c    r-- .intvecs
  0000026c    0000026c    000005b0   000005b0    r-x .text
  0000081c    0000081c    000000fc   000000fc    r-- .const
20000000    20000000    00000200   00000000    rw-
  20000000    20000000    00000200   00000000    rw- .stack


SECTION ALLOCATION MAP

 output                                  attributes/
section   page    origin      length       input sections
--------  ----  ----------  ----------   ----------------
.intvecs   0    00000000    0000026c     
                  00000000    0000026c     startup_ccs.obj (.intvecs)

.text      0    0000026c    000005b0     
                  0000026c    00000132     driverlib.lib : gpio.obj (.text:GPIOPadConfigSet)
                  0000039e    00000002     startup_ccs.obj (.text:FaultISR)
                  000003a0    00000110     driverlib.lib : sysctl.obj (.text:SysCtlClockGet)
                  000004b0    000000f4                   : sysctl.obj (.text:SysCtlClockSet)
                  000005a4    000000a8     blinky.obj (.text:main)
                  0000064c    0000004c     driverlib.lib : i2c.obj (.text:I2CMasterInitExpClk)
                  00000698    00000048                   : gpio.obj (.text:GPIOPinConfigure)
                  000006e0    0000003c     blinky.obj (.text:InitConsole)
                  0000071c    00000034     driverlib.lib : sysctl.obj (.text:SysCtlPeripheralEnable)
                  00000750    0000002c     rtsv7M4_T_le_v4SPD16_eabi.lib : boot_cortex_m.c.obj (.text:_c_int00_noinit_noargs:_c_int00_noinit_noargs)
                  0000077c    0000002a     driverlib.lib : gpio.obj (.text:GPIODirModeSet)
                  000007a6    00000012                   : gpio.obj (.text:GPIOPinTypeI2C)
                  000007b8    00000012                   : gpio.obj (.text:GPIOPinTypeI2CSCL)
                  000007ca    00000012                   : gpio.obj (.text:GPIOPinTypeUART)
                  000007dc    0000000a                   : i2c.obj (.text:I2CMasterEnable)
                  000007e6    00000008                   : i2c.obj (.text:I2CMasterBusy)
                  000007ee    00000008                   : i2c.obj (.text:I2CMasterSlaveAddrSet)
                  000007f6    00000006     startup_ccs.obj (.text:ResetISR)
                  000007fc    00000006     driverlib.lib : sysctl.obj (.text:SysCtlDelay)
                  00000802    00000006                   : uart.obj (.text:UARTClockSourceSet)
                  00000808    00000004                   : i2c.obj (.text:I2CMasterControl)
                  0000080c    00000004                   : i2c.obj (.text:I2CMasterDataPut)
                  00000810    00000004     rtsv7M4_T_le_v4SPD16_eabi.lib : pre_init.c.obj (.text:_system_pre_init)
                  00000814    00000004                                   : exit.c.obj (.text:abort:abort)
                  00000818    00000002     startup_ccs.obj (.text:IntDefaultHandler)
                  0000081a    00000002     startup_ccs.obj (.text:NmiSR)

.const     0    0000081c    000000fc     
                  0000081c    00000090     driverlib.lib : gpio.obj (.const:g_pui32GPIOBaseAddrs)
                  000008ac    0000006c                   : sysctl.obj (.const:g_pui32Xtals)

.cinit     0    00000000    00000000     UNINITIALIZED

.init_array 
*          0    00000000    00000000     UNINITIALIZED

.stack     0    20000000    00000200     UNINITIALIZED
                  20000000    00000004     rtsv7M4_T_le_v4SPD16_eabi.lib : boot_cortex_m.c.obj (.stack)
                  20000004    000001fc     --HOLE--

__llvm_prf_cnts 
*          0    20000000    00000000     UNINITIALIZED

MODULE SUMMARY

       Module                code   ro data   rw data
       ------                ----   -------   -------
    ./
       startup_ccs.obj       12     620       0      
       blinky.obj            228    0         0      
    +--+---------------------+------+---------+---------+
       Total:                240    620       0      
                                                     
    /Applications/ti/ccs1110/ccs/tools/compiler/ti-cgt-arm_20.2.5.LTS/lib/rtsv7M4_T_le_v4SPD16_eabi.lib
       boot_cortex_m.c.obj   44     0         0      
       exit.c.obj            4      0         0      
       pre_init.c.obj        4      0         0      
    +--+---------------------+------+---------+---------+
       Total:                52     0         0      
                                                     
    /Users/mxazfar/ti/tivaware_c_series_2_1_4_178/driverlib/ccs/Debug/driverlib.lib
       sysctl.obj            574    108       0      
       gpio.obj              474    144       0      
       i2c.obj               110    0         0      
       uart.obj              6      0         0      
    +--+---------------------+------+---------+---------+
       Total:                1164   252       0      
                                                     
       Stack:                0      0         512    
    +--+---------------------+------+---------+---------+
       Grand Total:          1456   872       512    


GLOBAL SYMBOLS: SORTED ALPHABETICALLY BY Name 

address   name                   
-------   ----                   
00000815  C$$EXIT                
0000077d  GPIODirModeSet         
0000026d  GPIOPadConfigSet       
00000699  GPIOPinConfigure       
000007a7  GPIOPinTypeI2C         
000007b9  GPIOPinTypeI2CSCL      
000007cb  GPIOPinTypeUART        
000007e7  I2CMasterBusy          
00000809  I2CMasterControl       
0000080d  I2CMasterDataPut       
000007dd  I2CMasterEnable        
0000064d  I2CMasterInitExpClk    
000007ef  I2CMasterSlaveAddrSet  
000006e1  InitConsole            
000007f7  ResetISR               
000003a1  SysCtlClockGet         
000004b1  SysCtlClockSet         
000007fd  SysCtlDelay            
0000071d  SysCtlPeripheralEnable 
00000803  UARTClockSourceSet     
20000200  __STACK_END            
00000200  __STACK_SIZE           
20000200  __STACK_TOP            
ffffffff  __TI_pprof_out_hndl    
ffffffff  __TI_prof_data_size    
ffffffff  __TI_prof_data_start   
00000000  __TI_static_base__     
ffffffff  __binit__              
ffffffff  __c_args__             
UNDEFED   __mpu_init             
20000000  __stack                
20000000  __start___llvm_prf_cnts
20000000  __stop___llvm_prf_cnts 
00000751  _c_int00_noinit_noargs 
00000811  _system_pre_init       
00000815  abort                  
ffffffff  binit                  
00000000  g_pfnVectors           
000005a5  main                   


GLOBAL SYMBOLS: SORTED BY Symbol Address 

address   name                   
-------   ----                   
00000000  __TI_static_base__     
00000000  g_pfnVectors           
00000200  __STACK_SIZE           
0000026d  GPIOPadConfigSet       
000003a1  SysCtlClockGet         
000004b1  SysCtlClockSet         
000005a5  main                   
0000064d  I2CMasterInitExpClk    
00000699  GPIOPinConfigure       
000006e1  InitConsole            
0000071d  SysCtlPeripheralEnable 
00000751  _c_int00_noinit_noargs 
0000077d  GPIODirModeSet         
000007a7  GPIOPinTypeI2C         
000007b9  GPIOPinTypeI2CSCL      
000007cb  GPIOPinTypeUART        
000007dd  I2CMasterEnable        
000007e7  I2CMasterBusy          
000007ef  I2CMasterSlaveAddrSet  
000007f7  ResetISR               
000007fd  SysCtlDelay            
00000803  UARTClockSourceSet     
00000809  I2CMasterControl       
0000080d  I2CMasterDataPut       
00000811  _system_pre_init       
00000815  C$$EXIT                
00000815  abort                  
20000000  __stack                
20000000  __start___llvm_prf_cnts
20000000  __stop___llvm_prf_cnts 
20000200  __STACK_END            
20000200  __STACK_TOP            
ffffffff  __TI_pprof_out_hndl    
ffffffff  __TI_prof_data_size    
ffffffff  __TI_prof_data_start   
ffffffff  __binit__              
ffffffff  __c_args__             
ffffffff  binit                  
UNDEFED   __mpu_init             

[39 symbols]
