******************************************************************************
                  TI ARM Linker Unix v20.2.5                   
******************************************************************************
>> Linked Tue May  3 12:20:10 2022

OUTPUT FILE NAME:   <Lab 4.out>
ENTRY POINT SYMBOL: "_c_int00_noinit_noargs"  address: 000008cd


MEMORY CONFIGURATION

         name            origin    length      used     unused   attr    fill
----------------------  --------  ---------  --------  --------  ----  --------
  FLASH                 00000000   00040000  00000b2d  0003f4d3  R  X
  SRAM                  20000000   00008000  00000200  00007e00  RW X


SEGMENT ALLOCATION MAP

run origin  load origin   length   init length attrs members
----------  ----------- ---------- ----------- ----- -------
00000000    00000000    00000b2d   00000b2d    r-x
  00000000    00000000    0000026c   0000026c    r-- .intvecs
  0000026c    0000026c    000007b8   000007b8    r-x .text
  00000a24    00000a24    00000109   00000109    r-- .const
20000000    20000000    00000200   00000000    rw-
  20000000    20000000    00000200   00000000    rw- .stack


SECTION ALLOCATION MAP

 output                                  attributes/
section   page    origin      length       input sections
--------  ----  ----------  ----------   ----------------
.intvecs   0    00000000    0000026c     
                  00000000    0000026c     startup_ccs.obj (.intvecs)

.text      0    0000026c    000007b8     
                  0000026c    00000238     lab4.obj (.text:main)
                  000004a4    00000132     driverlib.lib : gpio.obj (.text:GPIOPadConfigSet)
                  000005d6    00000002     startup_ccs.obj (.text:FaultISR)
                  000005d8    00000110     driverlib.lib : sysctl.obj (.text:SysCtlClockGet)
                  000006e8    0000009c     rtsv7M4_T_le_v4SPD16_eabi.lib : memcpy_t2.asm.obj (.text)
                  00000784    0000004c     driverlib.lib : i2c.obj (.text:I2CMasterInitExpClk)
                  000007d0    00000048                   : gpio.obj (.text:GPIOPinConfigure)
                  00000818    00000046                   : uart.obj (.text:UARTConfigSetExpClk)
                  0000085e    00000002     startup_ccs.obj (.text:IntDefaultHandler)
                  00000860    00000038     driverlib.lib : sysctl.obj (.text:SysCtlPeripheralReady)
                  00000898    00000034                   : sysctl.obj (.text:SysCtlPeripheralEnable)
                  000008cc    0000002c     rtsv7M4_T_le_v4SPD16_eabi.lib : boot_cortex_m.c.obj (.text:_c_int00_noinit_noargs:_c_int00_noinit_noargs)
                  000008f8    0000002a     driverlib.lib : gpio.obj (.text:GPIODirModeSet)
                  00000922    00000002     startup_ccs.obj (.text:NmiSR)
                  00000924    00000024     lab4.obj (.text:transmitChunk)
                  00000948    00000020     driverlib.lib : uart.obj (.text:UARTDisable)
                  00000968    00000018                   : gpio.obj (.text:GPIOPinTypeGPIOOutput)
                  00000980    00000014                   : uart.obj (.text:UARTEnable)
                  00000994    00000014     rtsv7M4_T_le_v4SPD16_eabi.lib : strcpy.c.obj (.text:strcpy)
                  000009a8    00000014                                   : strlen.c.obj (.text:strlen)
                  000009bc    00000012     driverlib.lib : gpio.obj (.text:GPIOPinTypeI2C)
                  000009ce    00000012                   : gpio.obj (.text:GPIOPinTypeI2CSCL)
                  000009e0    0000000a                   : i2c.obj (.text:I2CMasterEnable)
                  000009ea    0000000a                   : uart.obj (.text:UARTCharGet)
                  000009f4    0000000a                   : uart.obj (.text:UARTCharPut)
                  000009fe    00000008                   : i2c.obj (.text:I2CMasterBusBusy)
                  00000a06    00000008                   : i2c.obj (.text:I2CMasterSlaveAddrSet)
                  00000a0e    00000006     startup_ccs.obj (.text:ResetISR)
                  00000a14    00000004     driverlib.lib : i2c.obj (.text:I2CMasterControl)
                  00000a18    00000004                   : i2c.obj (.text:I2CMasterDataPut)
                  00000a1c    00000004     rtsv7M4_T_le_v4SPD16_eabi.lib : pre_init.c.obj (.text:_system_pre_init)
                  00000a20    00000004                                   : exit.c.obj (.text:abort:abort)

.const     0    00000a24    00000109     
                  00000a24    00000090     driverlib.lib : gpio.obj (.const:g_pui32GPIOBaseAddrs)
                  00000ab4    0000006c                   : sysctl.obj (.const:g_pui32Xtals)
                  00000b20    0000000d     lab4.obj (.const:.string:$P$T0$1)

.cinit     0    00000000    00000000     UNINITIALIZED

.init_array 
*          0    00000000    00000000     UNINITIALIZED

.stack     0    20000000    00000200     UNINITIALIZED
                  20000000    00000004     rtsv7M4_T_le_v4SPD16_eabi.lib : boot_cortex_m.c.obj (.stack)
                  20000004    000001fc     --HOLE--

__llvm_prf_cnts 
*          0    20000000    00000000     UNINITIALIZED

MODULE SUMMARY

       Module                code   ro data   rw data
       ------                ----   -------   -------
    ./
       startup_ccs.obj       12     620       0      
       lab4.obj              604    13        0      
    +--+---------------------+------+---------+---------+
       Total:                616    633       0      
                                                     
    /Applications/ti/ccs1110/ccs/tools/compiler/ti-cgt-arm_20.2.5.LTS/lib/rtsv7M4_T_le_v4SPD16_eabi.lib
       memcpy_t2.asm.obj     156    0         0      
       boot_cortex_m.c.obj   44     0         0      
       strcpy.c.obj          20     0         0      
       strlen.c.obj          20     0         0      
       exit.c.obj            4      0         0      
       pre_init.c.obj        4      0         0      
    +--+---------------------+------+---------+---------+
       Total:                248    0         0      
                                                     
    /Users/mxazfar/ti/tivaware_c_series_2_1_4_178/driverlib/ccs/Debug/driverlib.lib
       gpio.obj              480    144       0      
       sysctl.obj            380    108       0      
       uart.obj              142    0         0      
       i2c.obj               110    0         0      
    +--+---------------------+------+---------+---------+
       Total:                1112   252       0      
                                                     
       Stack:                0      0         512    
    +--+---------------------+------+---------+---------+
       Grand Total:          1976   885       512    


GLOBAL SYMBOLS: SORTED ALPHABETICALLY BY Name 

address   name                   
-------   ----                   
00000a21  C$$EXIT                
000008f9  GPIODirModeSet         
000004a5  GPIOPadConfigSet       
000007d1  GPIOPinConfigure       
00000969  GPIOPinTypeGPIOOutput  
000009bd  GPIOPinTypeI2C         
000009cf  GPIOPinTypeI2CSCL      
000009ff  I2CMasterBusBusy       
00000a15  I2CMasterControl       
00000a19  I2CMasterDataPut       
000009e1  I2CMasterEnable        
00000785  I2CMasterInitExpClk    
00000a07  I2CMasterSlaveAddrSet  
00000a0f  ResetISR               
000005d9  SysCtlClockGet         
00000899  SysCtlPeripheralEnable 
00000861  SysCtlPeripheralReady  
000009eb  UARTCharGet            
000009f5  UARTCharPut            
00000819  UARTConfigSetExpClk    
00000949  UARTDisable            
00000981  UARTEnable             
20000200  __STACK_END            
00000200  __STACK_SIZE           
20000200  __STACK_TOP            
ffffffff  __TI_pprof_out_hndl    
ffffffff  __TI_prof_data_size    
ffffffff  __TI_prof_data_start   
00000000  __TI_static_base__     
000006e9  __aeabi_memcpy         
000006e9  __aeabi_memcpy4        
000006e9  __aeabi_memcpy8        
ffffffff  __binit__              
ffffffff  __c_args__             
UNDEFED   __mpu_init             
20000000  __stack                
20000000  __start___llvm_prf_cnts
20000000  __stop___llvm_prf_cnts 
000008cd  _c_int00_noinit_noargs 
00000a1d  _system_pre_init       
00000a21  abort                  
ffffffff  binit                  
00000000  g_pfnVectors           
0000026d  main                   
000006e9  memcpy                 
00000995  strcpy                 
000009a9  strlen                 
00000925  transmitChunk          


GLOBAL SYMBOLS: SORTED BY Symbol Address 

address   name                   
-------   ----                   
00000000  __TI_static_base__     
00000000  g_pfnVectors           
00000200  __STACK_SIZE           
0000026d  main                   
000004a5  GPIOPadConfigSet       
000005d9  SysCtlClockGet         
000006e9  __aeabi_memcpy         
000006e9  __aeabi_memcpy4        
000006e9  __aeabi_memcpy8        
000006e9  memcpy                 
00000785  I2CMasterInitExpClk    
000007d1  GPIOPinConfigure       
00000819  UARTConfigSetExpClk    
00000861  SysCtlPeripheralReady  
00000899  SysCtlPeripheralEnable 
000008cd  _c_int00_noinit_noargs 
000008f9  GPIODirModeSet         
00000925  transmitChunk          
00000949  UARTDisable            
00000969  GPIOPinTypeGPIOOutput  
00000981  UARTEnable             
00000995  strcpy                 
000009a9  strlen                 
000009bd  GPIOPinTypeI2C         
000009cf  GPIOPinTypeI2CSCL      
000009e1  I2CMasterEnable        
000009eb  UARTCharGet            
000009f5  UARTCharPut            
000009ff  I2CMasterBusBusy       
00000a07  I2CMasterSlaveAddrSet  
00000a0f  ResetISR               
00000a15  I2CMasterControl       
00000a19  I2CMasterDataPut       
00000a1d  _system_pre_init       
00000a21  C$$EXIT                
00000a21  abort                  
20000000  __stack                
20000000  __start___llvm_prf_cnts
20000000  __stop___llvm_prf_cnts 
20000200  __STACK_END            
20000200  __STACK_TOP            
ffffffff  __TI_pprof_out_hndl    
ffffffff  __TI_prof_data_size    
ffffffff  __TI_prof_data_start   
ffffffff  __binit__              
ffffffff  __c_args__             
ffffffff  binit                  
UNDEFED   __mpu_init             

[48 symbols]
