******************************************************************************
                  TI ARM Linker Unix v20.2.5                   
******************************************************************************
>> Linked Fri Mar 25 13:39:31 2022

OUTPUT FILE NAME:   <Lab 1A.out>
ENTRY POINT SYMBOL: "_c_int00_noargs"  address: 00000741


MEMORY CONFIGURATION

         name            origin    length      used     unused   attr    fill
----------------------  --------  ---------  --------  --------  ----  --------
  FLASH                 00000000   00040000  00000834  0003f7cc  R  X
  SRAM                  20000000   00008000  0000020a  00007df6  RW X


SEGMENT ALLOCATION MAP

run origin  load origin   length   init length attrs members
----------  ----------- ---------- ----------- ----- -------
00000000    00000000    00000834   00000834    r-x
  00000000    00000000    0000026c   0000026c    r-- .intvecs
  0000026c    0000026c    000005b4   000005b4    r-x .text
  00000820    00000820    00000014   00000014    r-- .cinit
20000000    20000000    0000020a   00000000    rw-
  20000000    20000000    00000200   00000000    rw- .stack
  20000200    20000200    0000000a   00000000    rw- .bss


SECTION ALLOCATION MAP

 output                                  attributes/
section   page    origin      length       input sections
--------  ----  ----------  ----------   ----------------
.intvecs   0    00000000    0000026c     
                  00000000    0000026c     startup_ccs.obj (.intvecs)

.text      0    0000026c    000005b4     
                  0000026c    00000132     driverlib.lib : gpio.obj (.text:GPIOPadConfigSet)
                  0000039e    00000002     startup_ccs.obj (.text:FaultISR)
                  000003a0    000000f4     driverlib.lib : sysctl.obj (.text:SysCtlClockSet)
                  00000494    000000d0     blinky.obj (.text:blink)
                  00000564    000000d0     blinky.obj (.text:main)
                  00000634    0000005c     blinky.obj (.text:interruptHandler)
                  00000690    00000044     rtsv7M4_T_le_v4SPD16_eabi.lib : autoinit.c.obj (.text:__TI_auto_init_nobinit_nopinit:__TI_auto_init_nobinit_nopinit)
                  000006d4    00000038     driverlib.lib : sysctl.obj (.text:SysCtlPeripheralReady)
                  0000070c    00000034                   : sysctl.obj (.text:SysCtlPeripheralEnable)
                  00000740    00000034     rtsv7M4_T_le_v4SPD16_eabi.lib : boot_cortex_m.c.obj (.text:_c_int00_noargs:_c_int00_noargs)
                  00000774    0000002a     driverlib.lib : gpio.obj (.text:GPIODirModeSet)
                  0000079e    0000001e     blinky.obj (.text:delay)
                  000007bc    0000001c     rtsv7M4_T_le_v4SPD16_eabi.lib : copy_zero_init.c.obj (.text:decompress:ZI:__TI_zero_init_nomemset:__TI_zero_init_nomemset)
                  000007d8    00000018     driverlib.lib : gpio.obj (.text:GPIOPinTypeGPIOOutput)
                  000007f0    00000012                   : gpio.obj (.text:GPIOPinTypeGPIOInput)
                  00000802    00000006                   : gpio.obj (.text:GPIOPinWrite)
                  00000808    00000006     startup_ccs.obj (.text:ResetISR)
                  0000080e    00000006     driverlib.lib : sysctl.obj (.text:SysCtlDelay)
                  00000814    00000004     rtsv7M4_T_le_v4SPD16_eabi.lib : pre_init.c.obj (.text:_system_pre_init)
                  00000818    00000004                                   : exit.c.obj (.text:abort:abort)
                  0000081c    00000002     startup_ccs.obj (.text:IntDefaultHandler)
                  0000081e    00000002     startup_ccs.obj (.text:NmiSR)

.cinit     0    00000820    00000014     
                  00000820    00000008     (.cinit..bss.load) [load image, compression = zero_init]
                  00000828    00000004     (__TI_handler_table)
                  0000082c    00000008     (__TI_cinit_table)

.init_array 
*          0    00000000    00000000     UNINITIALIZED

.bss       0    20000200    0000000a     UNINITIALIZED
                  20000200    00000004     (.common:studentID)
                  20000204    00000004     (.common:studentIDOriginal)
                  20000208    00000001     (.common:blinkNum)
                  20000209    00000001     (.common:color)

.stack     0    20000000    00000200     UNINITIALIZED
                  20000000    00000004     rtsv7M4_T_le_v4SPD16_eabi.lib : boot_cortex_m.c.obj (.stack)
                  20000004    000001fc     --HOLE--

__llvm_prf_cnts 
*          0    20000000    00000000     UNINITIALIZED

MODULE SUMMARY

       Module                 code   ro data   rw data
       ------                 ----   -------   -------
    ./
       startup_ccs.obj        12     620       0      
       blinky.obj             538    0         10     
    +--+----------------------+------+---------+---------+
       Total:                 550    620       10     
                                                      
    /Applications/ti/ccs1110/ccs/tools/compiler/ti-cgt-arm_20.2.5.LTS/lib/rtsv7M4_T_le_v4SPD16_eabi.lib
       autoinit.c.obj         68     0         0      
       boot_cortex_m.c.obj    52     0         0      
       copy_zero_init.c.obj   28     0         0      
       exit.c.obj             4      0         0      
       pre_init.c.obj         4      0         0      
    +--+----------------------+------+---------+---------+
       Total:                 156    0         0      
                                                      
    /Users/mxazfar/ti/tivaware_c_series_2_1_4_178/driverlib/ccs/Debug/driverlib.lib
       gpio.obj               396    0         0      
       sysctl.obj             358    0         0      
    +--+----------------------+------+---------+---------+
       Total:                 754    0         0      
                                                      
       Stack:                 0      0         512    
       Linker Generated:      0      20        0      
    +--+----------------------+------+---------+---------+
       Grand Total:           1460   640       522    


LINKER GENERATED COPY TABLES

__TI_cinit_table @ 0000082c records: 1, size/record: 8, table size: 8
	.bss: load addr=00000820, load size=00000008 bytes, run addr=20000200, run size=0000000a bytes, compression=zero_init


LINKER GENERATED HANDLER TABLE

__TI_handler_table @ 00000828 records: 1, size/record: 4, table size: 4
	index: 0, handler: __TI_zero_init


GLOBAL SYMBOLS: SORTED ALPHABETICALLY BY Name 

address   name                          
-------   ----                          
00000819  C$$EXIT                       
00000775  GPIODirModeSet                
0000026d  GPIOPadConfigSet              
000007f1  GPIOPinTypeGPIOInput          
000007d9  GPIOPinTypeGPIOOutput         
00000803  GPIOPinWrite                  
00000809  ResetISR                      
000003a1  SysCtlClockSet                
0000080f  SysCtlDelay                   
0000070d  SysCtlPeripheralEnable        
000006d5  SysCtlPeripheralReady         
20000200  __STACK_END                   
00000200  __STACK_SIZE                  
20000200  __STACK_TOP                   
0000082c  __TI_CINIT_Base               
00000834  __TI_CINIT_Limit              
00000828  __TI_Handler_Table_Base       
0000082c  __TI_Handler_Table_Limit      
00000691  __TI_auto_init_nobinit_nopinit
ffffffff  __TI_pprof_out_hndl           
ffffffff  __TI_prof_data_size           
ffffffff  __TI_prof_data_start          
00000000  __TI_static_base__            
000007bd  __TI_zero_init_nomemset       
ffffffff  __binit__                     
ffffffff  __c_args__                    
UNDEFED   __mpu_init                    
20000000  __stack                       
20000000  __start___llvm_prf_cnts       
20000000  __stop___llvm_prf_cnts        
00000741  _c_int00_noargs               
UNDEFED   _system_post_cinit            
00000815  _system_pre_init              
00000819  abort                         
ffffffff  binit                         
00000495  blink                         
20000208  blinkNum                      
20000209  color                         
0000079f  delay                         
00000000  g_pfnVectors                  
00000635  interruptHandler              
00000565  main                          
20000200  studentID                     
20000204  studentIDOriginal             


GLOBAL SYMBOLS: SORTED BY Symbol Address 

address   name                          
-------   ----                          
00000000  __TI_static_base__            
00000000  g_pfnVectors                  
00000200  __STACK_SIZE                  
0000026d  GPIOPadConfigSet              
000003a1  SysCtlClockSet                
00000495  blink                         
00000565  main                          
00000635  interruptHandler              
00000691  __TI_auto_init_nobinit_nopinit
000006d5  SysCtlPeripheralReady         
0000070d  SysCtlPeripheralEnable        
00000741  _c_int00_noargs               
00000775  GPIODirModeSet                
0000079f  delay                         
000007bd  __TI_zero_init_nomemset       
000007d9  GPIOPinTypeGPIOOutput         
000007f1  GPIOPinTypeGPIOInput          
00000803  GPIOPinWrite                  
00000809  ResetISR                      
0000080f  SysCtlDelay                   
00000815  _system_pre_init              
00000819  C$$EXIT                       
00000819  abort                         
00000828  __TI_Handler_Table_Base       
0000082c  __TI_CINIT_Base               
0000082c  __TI_Handler_Table_Limit      
00000834  __TI_CINIT_Limit              
20000000  __stack                       
20000000  __start___llvm_prf_cnts       
20000000  __stop___llvm_prf_cnts        
20000200  __STACK_END                   
20000200  __STACK_TOP                   
20000200  studentID                     
20000204  studentIDOriginal             
20000208  blinkNum                      
20000209  color                         
ffffffff  __TI_pprof_out_hndl           
ffffffff  __TI_prof_data_size           
ffffffff  __TI_prof_data_start          
ffffffff  __binit__                     
ffffffff  __c_args__                    
ffffffff  binit                         
UNDEFED   __mpu_init                    
UNDEFED   _system_post_cinit            

[44 symbols]
