******************************************************************************
                  TI ARM Linker Unix v20.2.5                   
******************************************************************************
>> Linked Mon May  2 18:19:09 2022

OUTPUT FILE NAME:   <Master Demo.out>
ENTRY POINT SYMBOL: "_c_int00_noargs"  address: 00000d05


MEMORY CONFIGURATION

         name            origin    length      used     unused   attr    fill
----------------------  --------  ---------  --------  --------  ----  --------
  FLASH                 00000000   00040000  00000e76  0003f18a  R  X
  SRAM                  20000000   00008000  000003f1  00007c0f  RW X


SEGMENT ALLOCATION MAP

run origin  load origin   length   init length attrs members
----------  ----------- ---------- ----------- ----- -------
00000000    00000000    00000e78   00000e78    r-x
  00000000    00000000    0000026c   0000026c    r-- .intvecs
  0000026c    0000026c    00000bd2   00000bd2    r-x .text
  00000e40    00000e40    00000038   00000038    r-- .cinit
20000000    20000000    000003f4   00000000    rw-
  20000000    20000000    00000200   00000000    rw- .stack
  20000200    20000200    000001e5   00000000    rw- .bss
  200003e8    200003e8    0000000c   00000000    rw- .data


SECTION ALLOCATION MAP

 output                                  attributes/
section   page    origin      length       input sections
--------  ----  ----------  ----------   ----------------
.intvecs   0    00000000    0000026c     
                  00000000    0000026c     tm4c123gh6pm_startup_ccs.obj (.intvecs)

.text      0    0000026c    00000bd2     
                  0000026c    00000608     main.obj (.text)
                  00000874    00000132     driverlib.lib : gpio.obj (.text:GPIOPadConfigSet)
                  000009a6    00000002     rtsv7M4_T_le_v4SPD16_eabi.lib : _lock.c.obj (.text:_nop)
                  000009a8    000000f4     driverlib.lib : sysctl.obj (.text:SysCtlClockSet)
                  00000a9c    0000009c     rtsv7M4_T_le_v4SPD16_eabi.lib : memcpy_t2.asm.obj (.text)
                  00000b38    00000068                                   : copy_decompress_lzss.c.obj (.text:decompress:lzss:__TI_decompress_lzss)
                  00000ba0    00000048                                   : hosttime.c.obj (.text:HOSTtime)
                  00000be8    00000044                                   : autoinit.c.obj (.text:__TI_auto_init_nobinit_nopinit:__TI_auto_init_nobinit_nopinit)
                  00000c2c    00000038     driverlib.lib : sysctl.obj (.text:SysCtlPeripheralReady)
                  00000c64    00000038     rtsv7M4_T_le_v4SPD16_eabi.lib : trgmsg.c.obj (.text:__TI_writemsg)
                  00000c9c    00000034     driverlib.lib : sysctl.obj (.text:SysCtlPeripheralEnable)
                  00000cd0    00000034     rtsv7M4_T_le_v4SPD16_eabi.lib : trgmsg.c.obj (.text:__TI_readmsg)
                  00000d04    00000034                                   : boot_cortex_m.c.obj (.text:_c_int00_noargs:_c_int00_noargs)
                  00000d38    00000034                                   : rand.c.obj (.text:rand)
                  00000d6c    0000002a     driverlib.lib : gpio.obj (.text:GPIODirModeSet)
                  00000d96    00000002     --HOLE-- [fill = 0]
                  00000d98    00000024     rtsv7M4_T_le_v4SPD16_eabi.lib : rand.c.obj (.text:srand)
                  00000dbc    0000001c                                   : copy_zero_init.c.obj (.text:decompress:ZI:__TI_zero_init_nomemset:__TI_zero_init_nomemset)
                  00000dd8    00000018     driverlib.lib : gpio.obj (.text:GPIOPinTypeGPIOOutput)
                  00000df0    00000012                   : gpio.obj (.text:GPIOPinTypeGPIOInput)
                  00000e02    0000000e     rtsv7M4_T_le_v4SPD16_eabi.lib : time.c.obj (.text:__time32)
                  00000e10    0000000e                                   : copy_decompress_none.c.obj (.text:decompress:none:__TI_decompress_none)
                  00000e1e    0000000c     tm4c123gh6pm_startup_ccs.obj (.text)
                  00000e2a    00000006     driverlib.lib : gpio.obj (.text:GPIOPinWrite)
                  00000e30    00000006                   : sysctl.obj (.text:SysCtlDelay)
                  00000e36    00000004     rtsv7M4_T_le_v4SPD16_eabi.lib : pre_init.c.obj (.text:_system_pre_init)
                  00000e3a    00000004                                   : exit.c.obj (.text:abort:abort)

.cinit     0    00000e40    00000038     
                  00000e40    0000000f     (.cinit..data.load) [load image, compression = lzss]
                  00000e4f    00000001     --HOLE-- [fill = 0]
                  00000e50    0000000c     (__TI_handler_table)
                  00000e5c    00000004     --HOLE-- [fill = 0]
                  00000e60    00000008     (.cinit..bss.load) [load image, compression = zero_init]
                  00000e68    00000010     (__TI_cinit_table)

.init_array 
*          0    00000000    00000000     UNINITIALIZED

.bss       0    20000200    000001e5     UNINITIALIZED
                  20000200    00000120     rtsv7M4_T_le_v4SPD16_eabi.lib : trgmsg.c.obj (.bss:_CIOBUF_)
                  20000320    00000054     (.common:colorArray)
                  20000374    00000054     (.common:inputArray)
                  200003c8    00000008     (.common:parmbuf)
                  200003d0    00000004     (.common:blinkDelay)
                  200003d4    00000004     (.common:currentColor)
                  200003d8    00000004     (.common:inputNum)
                  200003dc    00000004     (.common:numLevel)
                  200003e0    00000004     (.common:timeoutCount)
                  200003e4    00000001     (.common:correctInput)

.data      0    200003e8    0000000c     UNINITIALIZED
                  200003e8    00000008     rtsv7M4_T_le_v4SPD16_eabi.lib : _lock.c.obj (.data:$O1$$)
                  200003f0    00000004                                   : rand.c.obj (.data)

.stack     0    20000000    00000200     UNINITIALIZED
                  20000000    00000004     rtsv7M4_T_le_v4SPD16_eabi.lib : boot_cortex_m.c.obj (.stack)
                  20000004    000001fc     --HOLE--

__llvm_prf_cnts 
*          0    20000000    00000000     UNINITIALIZED

MODULE SUMMARY

       Module                         code   ro data   rw data
       ------                         ----   -------   -------
    ./
       main.obj                       1544   0         189    
       tm4c123gh6pm_startup_ccs.obj   12     620       0      
    +--+------------------------------+------+---------+---------+
       Total:                         1556   620       189    
                                                              
    /Applications/ti/ccs1110/ccs/tools/compiler/ti-cgt-arm_20.2.5.LTS/lib/rtsv7M4_T_le_v4SPD16_eabi.lib
       trgmsg.c.obj                   108    0         288    
       memcpy_t2.asm.obj              156    0         0      
       copy_decompress_lzss.c.obj     104    0         0      
       rand.c.obj                     88     0         4      
       hosttime.c.obj                 72     0         0      
       autoinit.c.obj                 68     0         0      
       boot_cortex_m.c.obj            52     0         0      
       copy_zero_init.c.obj           28     0         0      
       copy_decompress_none.c.obj     14     0         0      
       time.c.obj                     14     0         0      
       _lock.c.obj                    2      0         8      
       hostopen.c.obj                 0      0         8      
       exit.c.obj                     4      0         0      
       pre_init.c.obj                 4      0         0      
    +--+------------------------------+------+---------+---------+
       Total:                         714    0         308    
                                                              
    /Users/mxazfar/ti/tivaware_c_series_2_1_4_178/driverlib/ccs/Debug/driverlib.lib
       gpio.obj                       396    0         0      
       sysctl.obj                     358    0         0      
    +--+------------------------------+------+---------+---------+
       Total:                         754    0         0      
                                                              
       Stack:                         0      0         512    
       Linker Generated:              0      51        0      
    +--+------------------------------+------+---------+---------+
       Grand Total:                   3024   671       1009   


LINKER GENERATED COPY TABLES

__TI_cinit_table @ 00000e68 records: 2, size/record: 8, table size: 16
	.data: load addr=00000e40, load size=0000000f bytes, run addr=200003e8, run size=0000000c bytes, compression=lzss
	.bss: load addr=00000e60, load size=00000008 bytes, run addr=20000200, run size=000001e5 bytes, compression=zero_init


LINKER GENERATED HANDLER TABLE

__TI_handler_table @ 00000e50 records: 3, size/record: 4, table size: 12
	index: 0, handler: __TI_decompress_lzss
	index: 1, handler: __TI_decompress_none
	index: 2, handler: __TI_zero_init


GLOBAL SYMBOLS: SORTED ALPHABETICALLY BY Name 

address   name                          
-------   ----                          
00000e3b  C$$EXIT                       
00000c93  C$$IO$$                       
00000d6d  GPIODirModeSet                
00000875  GPIOPadConfigSet              
00000df1  GPIOPinTypeGPIOInput          
00000dd9  GPIOPinTypeGPIOOutput         
00000e2b  GPIOPinWrite                  
00000ba1  HOSTtime                      
00000e1f  ResetISR                      
000009a9  SysCtlClockSet                
00000e31  SysCtlDelay                   
00000c9d  SysCtlPeripheralEnable        
00000c2d  SysCtlPeripheralReady         
20000200  __CIOBUF_                     
20000200  __STACK_END                   
00000200  __STACK_SIZE                  
20000200  __STACK_TOP                   
00000e68  __TI_CINIT_Base               
00000e78  __TI_CINIT_Limit              
00000e50  __TI_Handler_Table_Base       
00000e5c  __TI_Handler_Table_Limit      
00000be9  __TI_auto_init_nobinit_nopinit
00000b39  __TI_decompress_lzss          
00000e11  __TI_decompress_none          
ffffffff  __TI_pprof_out_hndl           
ffffffff  __TI_prof_data_size           
ffffffff  __TI_prof_data_start          
00000cd1  __TI_readmsg                  
00000000  __TI_static_base__            
00000c65  __TI_writemsg                 
00000dbd  __TI_zero_init_nomemset       
00000a9d  __aeabi_memcpy                
00000a9d  __aeabi_memcpy4               
00000a9d  __aeabi_memcpy8               
ffffffff  __binit__                     
ffffffff  __c_args__                    
UNDEFED   __mpu_init                    
20000000  __stack                       
20000000  __start___llvm_prf_cnts       
20000000  __stop___llvm_prf_cnts        
00000e03  __time32                      
00000d05  _c_int00_noargs               
200003e8  _lock                         
000009a7  _nop                          
UNDEFED   _system_post_cinit            
00000e37  _system_pre_init              
200003ec  _unlock                       
00000e3b  abort                         
ffffffff  binit                         
200003d0  blinkDelay                    
00000325  blinkLed                      
20000320  colorArray                    
200003e4  correctInput                  
200003d4  currentColor                  
00000000  g_pfnVectors                  
0000026d  gpioHandler                   
20000374  inputArray                    
200003d8  inputNum                      
0000046d  main                          
00000a9d  memcpy                        
200003dc  numLevel                      
200003c8  parmbuf                       
00000d39  rand                          
00000d99  srand                         
0000031b  systickHandler                
00000e03  time                          
200003e0  timeoutCount                  


GLOBAL SYMBOLS: SORTED BY Symbol Address 

address   name                          
-------   ----                          
00000000  __TI_static_base__            
00000000  g_pfnVectors                  
00000200  __STACK_SIZE                  
0000026d  gpioHandler                   
0000031b  systickHandler                
00000325  blinkLed                      
0000046d  main                          
00000875  GPIOPadConfigSet              
000009a7  _nop                          
000009a9  SysCtlClockSet                
00000a9d  __aeabi_memcpy                
00000a9d  __aeabi_memcpy4               
00000a9d  __aeabi_memcpy8               
00000a9d  memcpy                        
00000b39  __TI_decompress_lzss          
00000ba1  HOSTtime                      
00000be9  __TI_auto_init_nobinit_nopinit
00000c2d  SysCtlPeripheralReady         
00000c65  __TI_writemsg                 
00000c93  C$$IO$$                       
00000c9d  SysCtlPeripheralEnable        
00000cd1  __TI_readmsg                  
00000d05  _c_int00_noargs               
00000d39  rand                          
00000d6d  GPIODirModeSet                
00000d99  srand                         
00000dbd  __TI_zero_init_nomemset       
00000dd9  GPIOPinTypeGPIOOutput         
00000df1  GPIOPinTypeGPIOInput          
00000e03  __time32                      
00000e03  time                          
00000e11  __TI_decompress_none          
00000e1f  ResetISR                      
00000e2b  GPIOPinWrite                  
00000e31  SysCtlDelay                   
00000e37  _system_pre_init              
00000e3b  C$$EXIT                       
00000e3b  abort                         
00000e50  __TI_Handler_Table_Base       
00000e5c  __TI_Handler_Table_Limit      
00000e68  __TI_CINIT_Base               
00000e78  __TI_CINIT_Limit              
20000000  __stack                       
20000000  __start___llvm_prf_cnts       
20000000  __stop___llvm_prf_cnts        
20000200  __CIOBUF_                     
20000200  __STACK_END                   
20000200  __STACK_TOP                   
20000320  colorArray                    
20000374  inputArray                    
200003c8  parmbuf                       
200003d0  blinkDelay                    
200003d4  currentColor                  
200003d8  inputNum                      
200003dc  numLevel                      
200003e0  timeoutCount                  
200003e4  correctInput                  
200003e8  _lock                         
200003ec  _unlock                       
ffffffff  __TI_pprof_out_hndl           
ffffffff  __TI_prof_data_size           
ffffffff  __TI_prof_data_start          
ffffffff  __binit__                     
ffffffff  __c_args__                    
ffffffff  binit                         
UNDEFED   __mpu_init                    
UNDEFED   _system_post_cinit            

[67 symbols]
